Archive member included to satisfy reference by file (symbol)

e:/utilites/5.4 2016q3/bin/../lib/gcc/arm-none-eabi/5.4.1/armv7-m\libgcc.a(_arm_addsubsf3.o)
                              ..\obj\dht.o (__aeabi_i2f)
e:/utilites/5.4 2016q3/bin/../lib/gcc/arm-none-eabi/5.4.1/armv7-m\libgcc.a(_arm_fixunssfsi.o)
                              ..\obj\dht.o (__aeabi_f2uiz)
e:/utilites/5.4 2016q3/bin/../lib/gcc/arm-none-eabi/5.4.1/../../../../arm-none-eabi/lib/armv7-m\libg.a(lib_a-memset.o)
                              ..\obj\ssd1306.o (memset)
e:/utilites/5.4 2016q3/bin/../lib/gcc/arm-none-eabi/5.4.1/../../../../arm-none-eabi/lib/armv7-m\libg.a(lib_a-strlen-stub.o)
                              ..\obj\fonts.o (strlen)
e:/utilites/5.4 2016q3/bin/../lib/gcc/arm-none-eabi/5.4.1/../../../../arm-none-eabi/lib/armv7-m\libg.a(lib_a-strstr.o)
                              ..\obj\Terminal.o (strstr)
e:/utilites/5.4 2016q3/bin/../lib/gcc/arm-none-eabi/5.4.1/../../../../arm-none-eabi/lib/armv7-m\libg.a(lib_a-memchr-stub.o)
                              e:/utilites/5.4 2016q3/bin/../lib/gcc/arm-none-eabi/5.4.1/../../../../arm-none-eabi/lib/armv7-m\libg.a(lib_a-strstr.o) (memchr)
e:/utilites/5.4 2016q3/bin/../lib/gcc/arm-none-eabi/5.4.1/../../../../arm-none-eabi/lib/armv7-m\libg.a(lib_a-memcmp.o)
                              e:/utilites/5.4 2016q3/bin/../lib/gcc/arm-none-eabi/5.4.1/../../../../arm-none-eabi/lib/armv7-m\libg.a(lib_a-strstr.o) (memcmp)
e:/utilites/5.4 2016q3/bin/../lib/gcc/arm-none-eabi/5.4.1/../../../../arm-none-eabi/lib/armv7-m\libg.a(lib_a-strchr.o)
                              e:/utilites/5.4 2016q3/bin/../lib/gcc/arm-none-eabi/5.4.1/../../../../arm-none-eabi/lib/armv7-m\libg.a(lib_a-strstr.o) (strchr)

Allocating common symbols
Common symbol       size              file

Mul                 0x4               ..\obj\Device.o
DHT11_RESULT        0x5               ..\obj\Device.o
dht_Buff            0x5               ..\obj\dht.o
State               0xa               ..\obj\Device.o
IOState             0xe               ..\obj\Device.o
SSD1306_Buffer      0x400             ..\obj\Device.o
Div                 0x4               ..\obj\Device.o

Discarded input sections

 .text          0x00000000        0x0 ..\obj\stm32f10x_rtc.o
 .data          0x00000000        0x0 ..\obj\stm32f10x_rtc.o
 .bss           0x00000000        0x0 ..\obj\stm32f10x_rtc.o
 .text.RTC_ITConfig
                0x00000000       0x4c ..\obj\stm32f10x_rtc.o
 .text.RTC_EnterConfigMode
                0x00000000       0x20 ..\obj\stm32f10x_rtc.o
 .text.RTC_ExitConfigMode
                0x00000000       0x20 ..\obj\stm32f10x_rtc.o
 .text.RTC_GetCounter
                0x00000000       0x2c ..\obj\stm32f10x_rtc.o
 .text.RTC_SetCounter
                0x00000000       0x30 ..\obj\stm32f10x_rtc.o
 .text.RTC_SetPrescaler
                0x00000000       0x34 ..\obj\stm32f10x_rtc.o
 .text.RTC_SetAlarm
                0x00000000       0x30 ..\obj\stm32f10x_rtc.o
 .text.RTC_GetDivider
                0x00000000       0x38 ..\obj\stm32f10x_rtc.o
 .text.RTC_WaitForLastTask
                0x00000000       0x20 ..\obj\stm32f10x_rtc.o
 .text.RTC_WaitForSynchro
                0x00000000       0x30 ..\obj\stm32f10x_rtc.o
 .text.RTC_GetFlagStatus
                0x00000000       0x38 ..\obj\stm32f10x_rtc.o
 .text.RTC_ClearFlag
                0x00000000       0x2c ..\obj\stm32f10x_rtc.o
 .text.RTC_GetITStatus
                0x00000000       0x50 ..\obj\stm32f10x_rtc.o
 .text.RTC_ClearITPendingBit
                0x00000000       0x2c ..\obj\stm32f10x_rtc.o
 .debug_info    0x00000000      0x43c ..\obj\stm32f10x_rtc.o
 .debug_abbrev  0x00000000      0x18f ..\obj\stm32f10x_rtc.o
 .debug_aranges
                0x00000000       0x88 ..\obj\stm32f10x_rtc.o
 .debug_ranges  0x00000000       0x78 ..\obj\stm32f10x_rtc.o
 .debug_line    0x00000000      0x268 ..\obj\stm32f10x_rtc.o
 .debug_str     0x00000000      0x39e ..\obj\stm32f10x_rtc.o
 .comment       0x00000000       0x6f ..\obj\stm32f10x_rtc.o
 .debug_frame   0x00000000      0x214 ..\obj\stm32f10x_rtc.o
 .ARM.attributes
                0x00000000       0x33 ..\obj\stm32f10x_rtc.o
 .text          0x00000000        0x0 ..\obj\delay.o
 .data          0x00000000        0x0 ..\obj\delay.o
 .bss           0x00000000        0x0 ..\obj\delay.o
 .text          0x00000000        0x0 ..\obj\stm32f10x_tim.o
 .data          0x00000000        0x0 ..\obj\stm32f10x_tim.o
 .bss           0x00000000        0x0 ..\obj\stm32f10x_tim.o
 .text.TIM_DeInit
                0x00000000      0x22c ..\obj\stm32f10x_tim.o
 .text.TIM_TimeBaseInit
                0x00000000       0xf8 ..\obj\stm32f10x_tim.o
 .text.TIM_OC1Init
                0x00000000      0x118 ..\obj\stm32f10x_tim.o
 .text.TIM_OC2Init
                0x00000000      0x110 ..\obj\stm32f10x_tim.o
 .text.TIM_OC3Init
                0x00000000      0x10c ..\obj\stm32f10x_tim.o
 .text.TIM_OC4Init
                0x00000000       0xd0 ..\obj\stm32f10x_tim.o
 .text.TIM_ICInit
                0x00000000       0xa8 ..\obj\stm32f10x_tim.o
 .text.TIM_PWMIConfig
                0x00000000       0xb8 ..\obj\stm32f10x_tim.o
 .text.TIM_BDTRConfig
                0x00000000       0x50 ..\obj\stm32f10x_tim.o
 .text.TIM_TimeBaseStructInit
                0x00000000       0x34 ..\obj\stm32f10x_tim.o
 .text.TIM_OCStructInit
                0x00000000       0x44 ..\obj\stm32f10x_tim.o
 .text.TIM_ICStructInit
                0x00000000       0x30 ..\obj\stm32f10x_tim.o
 .text.TIM_BDTRStructInit
                0x00000000       0x3c ..\obj\stm32f10x_tim.o
 .text.TIM_Cmd  0x00000000       0x40 ..\obj\stm32f10x_tim.o
 .text.TIM_CtrlPWMOutputs
                0x00000000       0x4c ..\obj\stm32f10x_tim.o
 .text.TIM_ITConfig
                0x00000000       0x48 ..\obj\stm32f10x_tim.o
 .text.TIM_GenerateEvent
                0x00000000       0x1c ..\obj\stm32f10x_tim.o
 .text.TIM_DMAConfig
                0x00000000       0x28 ..\obj\stm32f10x_tim.o
 .text.TIM_DMACmd
                0x00000000       0x48 ..\obj\stm32f10x_tim.o
 .text.TIM_InternalClockConfig
                0x00000000       0x24 ..\obj\stm32f10x_tim.o
 .text.TIM_ITRxExternalClockConfig
                0x00000000       0x30 ..\obj\stm32f10x_tim.o
 .text.TIM_TIxExternalClockConfig
                0x00000000       0x5c ..\obj\stm32f10x_tim.o
 .text.TIM_ETRClockMode1Config
                0x00000000       0x60 ..\obj\stm32f10x_tim.o
 .text.TIM_ETRClockMode2Config
                0x00000000       0x40 ..\obj\stm32f10x_tim.o
 .text.TIM_ETRConfig
                0x00000000       0x54 ..\obj\stm32f10x_tim.o
 .text.TIM_PrescalerConfig
                0x00000000       0x28 ..\obj\stm32f10x_tim.o
 .text.TIM_CounterModeConfig
                0x00000000       0x38 ..\obj\stm32f10x_tim.o
 .text.TIM_SelectInputTrigger
                0x00000000       0x38 ..\obj\stm32f10x_tim.o
 .text.TIM_EncoderInterfaceConfig
                0x00000000       0x98 ..\obj\stm32f10x_tim.o
 .text.TIM_ForcedOC1Config
                0x00000000       0x38 ..\obj\stm32f10x_tim.o
 .text.TIM_ForcedOC2Config
                0x00000000       0x3c ..\obj\stm32f10x_tim.o
 .text.TIM_ForcedOC3Config
                0x00000000       0x38 ..\obj\stm32f10x_tim.o
 .text.TIM_ForcedOC4Config
                0x00000000       0x3c ..\obj\stm32f10x_tim.o
 .text.TIM_ARRPreloadConfig
                0x00000000       0x40 ..\obj\stm32f10x_tim.o
 .text.TIM_SelectCOM
                0x00000000       0x40 ..\obj\stm32f10x_tim.o
 .text.TIM_SelectCCDMA
                0x00000000       0x40 ..\obj\stm32f10x_tim.o
 .text.TIM_CCPreloadControl
                0x00000000       0x40 ..\obj\stm32f10x_tim.o
 .text.TIM_OC1PreloadConfig
                0x00000000       0x38 ..\obj\stm32f10x_tim.o
 .text.TIM_OC2PreloadConfig
                0x00000000       0x3c ..\obj\stm32f10x_tim.o
 .text.TIM_OC3PreloadConfig
                0x00000000       0x38 ..\obj\stm32f10x_tim.o
 .text.TIM_OC4PreloadConfig
                0x00000000       0x3c ..\obj\stm32f10x_tim.o
 .text.TIM_OC1FastConfig
                0x00000000       0x38 ..\obj\stm32f10x_tim.o
 .text.TIM_OC2FastConfig
                0x00000000       0x3c ..\obj\stm32f10x_tim.o
 .text.TIM_OC3FastConfig
                0x00000000       0x38 ..\obj\stm32f10x_tim.o
 .text.TIM_OC4FastConfig
                0x00000000       0x3c ..\obj\stm32f10x_tim.o
 .text.TIM_ClearOC1Ref
                0x00000000       0x38 ..\obj\stm32f10x_tim.o
 .text.TIM_ClearOC2Ref
                0x00000000       0x3c ..\obj\stm32f10x_tim.o
 .text.TIM_ClearOC3Ref
                0x00000000       0x38 ..\obj\stm32f10x_tim.o
 .text.TIM_ClearOC4Ref
                0x00000000       0x3c ..\obj\stm32f10x_tim.o
 .text.TIM_OC1PolarityConfig
                0x00000000       0x38 ..\obj\stm32f10x_tim.o
 .text.TIM_OC1NPolarityConfig
                0x00000000       0x38 ..\obj\stm32f10x_tim.o
 .text.TIM_OC2PolarityConfig
                0x00000000       0x3c ..\obj\stm32f10x_tim.o
 .text.TIM_OC2NPolarityConfig
                0x00000000       0x3c ..\obj\stm32f10x_tim.o
 .text.TIM_OC3PolarityConfig
                0x00000000       0x3c ..\obj\stm32f10x_tim.o
 .text.TIM_OC3NPolarityConfig
                0x00000000       0x3c ..\obj\stm32f10x_tim.o
 .text.TIM_OC4PolarityConfig
                0x00000000       0x3c ..\obj\stm32f10x_tim.o
 .text.TIM_CCxCmd
                0x00000000       0x54 ..\obj\stm32f10x_tim.o
 .text.TIM_CCxNCmd
                0x00000000       0x54 ..\obj\stm32f10x_tim.o
 .text.TIM_SelectOCxM
                0x00000000       0xac ..\obj\stm32f10x_tim.o
 .text.TIM_UpdateDisableConfig
                0x00000000       0x40 ..\obj\stm32f10x_tim.o
 .text.TIM_UpdateRequestConfig
                0x00000000       0x40 ..\obj\stm32f10x_tim.o
 .text.TIM_SelectHallSensor
                0x00000000       0x40 ..\obj\stm32f10x_tim.o
 .text.TIM_SelectOnePulseMode
                0x00000000       0x38 ..\obj\stm32f10x_tim.o
 .text.TIM_SelectOutputTrigger
                0x00000000       0x38 ..\obj\stm32f10x_tim.o
 .text.TIM_SelectSlaveMode
                0x00000000       0x38 ..\obj\stm32f10x_tim.o
 .text.TIM_SelectMasterSlaveMode
                0x00000000       0x38 ..\obj\stm32f10x_tim.o
 .text.TIM_SetCounter
                0x00000000       0x1c ..\obj\stm32f10x_tim.o
 .text.TIM_SetAutoreload
                0x00000000       0x1c ..\obj\stm32f10x_tim.o
 .text.TIM_SetCompare1
                0x00000000       0x1c ..\obj\stm32f10x_tim.o
 .text.TIM_SetCompare2
                0x00000000       0x1c ..\obj\stm32f10x_tim.o
 .text.TIM_SetCompare3
                0x00000000       0x1c ..\obj\stm32f10x_tim.o
 .text.TIM_SetCompare4
                0x00000000       0x20 ..\obj\stm32f10x_tim.o
 .text.TIM_SetIC1Prescaler
                0x00000000       0x38 ..\obj\stm32f10x_tim.o
 .text.TIM_SetIC2Prescaler
                0x00000000       0x3c ..\obj\stm32f10x_tim.o
 .text.TIM_SetIC3Prescaler
                0x00000000       0x38 ..\obj\stm32f10x_tim.o
 .text.TIM_SetIC4Prescaler
                0x00000000       0x3c ..\obj\stm32f10x_tim.o
 .text.TIM_SetClockDivision
                0x00000000       0x38 ..\obj\stm32f10x_tim.o
 .text.TIM_GetCapture1
                0x00000000       0x18 ..\obj\stm32f10x_tim.o
 .text.TIM_GetCapture2
                0x00000000       0x18 ..\obj\stm32f10x_tim.o
 .text.TIM_GetCapture3
                0x00000000       0x18 ..\obj\stm32f10x_tim.o
 .text.TIM_GetCapture4
                0x00000000       0x1c ..\obj\stm32f10x_tim.o
 .text.TIM_GetCounter
                0x00000000       0x18 ..\obj\stm32f10x_tim.o
 .text.TIM_GetPrescaler
                0x00000000       0x18 ..\obj\stm32f10x_tim.o
 .text.TIM_GetFlagStatus
                0x00000000       0x38 ..\obj\stm32f10x_tim.o
 .text.TIM_ClearFlag
                0x00000000       0x20 ..\obj\stm32f10x_tim.o
 .text.TIM_GetITStatus
                0x00000000       0x54 ..\obj\stm32f10x_tim.o
 .text.TIM_ClearITPendingBit
                0x00000000       0x20 ..\obj\stm32f10x_tim.o
 .text.TI1_Config
                0x00000000       0xe0 ..\obj\stm32f10x_tim.o
 .text.TI2_Config
                0x00000000       0xf4 ..\obj\stm32f10x_tim.o
 .text.TI3_Config
                0x00000000       0xec ..\obj\stm32f10x_tim.o
 .text.TI4_Config
                0x00000000       0xf8 ..\obj\stm32f10x_tim.o
 .debug_info    0x00000000     0x1c60 ..\obj\stm32f10x_tim.o
 .debug_abbrev  0x00000000      0x1b2 ..\obj\stm32f10x_tim.o
 .debug_aranges
                0x00000000      0x2f0 ..\obj\stm32f10x_tim.o
 .debug_ranges  0x00000000      0x2e0 ..\obj\stm32f10x_tim.o
 .debug_line    0x00000000      0xae0 ..\obj\stm32f10x_tim.o
 .debug_str     0x00000000      0xdd9 ..\obj\stm32f10x_tim.o
 .comment       0x00000000       0x6f ..\obj\stm32f10x_tim.o
 .debug_frame   0x00000000      0xe2c ..\obj\stm32f10x_tim.o
 .ARM.attributes
                0x00000000       0x33 ..\obj\stm32f10x_tim.o
 .text          0x00000000        0x0 ..\obj\system_stm32f10x.o
 .bss           0x00000000        0x0 ..\obj\system_stm32f10x.o
 .text.SystemCoreClockUpdate
                0x00000000       0xd8 ..\obj\system_stm32f10x.o
 .text          0x00000000        0x0 ..\obj\startup_stm32f10x_hd.o
 .data          0x00000000        0x0 ..\obj\startup_stm32f10x_hd.o
 .bss           0x00000000        0x0 ..\obj\startup_stm32f10x_hd.o
 .text          0x00000000        0x0 ..\obj\stm32f10x_pwr.o
 .data          0x00000000        0x0 ..\obj\stm32f10x_pwr.o
 .bss           0x00000000        0x0 ..\obj\stm32f10x_pwr.o
 .text.PWR_DeInit
                0x00000000       0x1c ..\obj\stm32f10x_pwr.o
 .text.PWR_BackupAccessCmd
                0x00000000       0x20 ..\obj\stm32f10x_pwr.o
 .text.PWR_PVDCmd
                0x00000000       0x20 ..\obj\stm32f10x_pwr.o
 .text.PWR_PVDLevelConfig
                0x00000000       0x38 ..\obj\stm32f10x_pwr.o
 .text.PWR_WakeUpPinCmd
                0x00000000       0x20 ..\obj\stm32f10x_pwr.o
 .text.PWR_EnterSTOPMode
                0x00000000       0x64 ..\obj\stm32f10x_pwr.o
 .text.PWR_EnterSTANDBYMode
                0x00000000       0x3c ..\obj\stm32f10x_pwr.o
 .text.PWR_GetFlagStatus
                0x00000000       0x34 ..\obj\stm32f10x_pwr.o
 .text.PWR_ClearFlag
                0x00000000       0x24 ..\obj\stm32f10x_pwr.o
 .debug_info    0x00000000      0x49f ..\obj\stm32f10x_pwr.o
 .debug_abbrev  0x00000000      0x181 ..\obj\stm32f10x_pwr.o
 .debug_aranges
                0x00000000       0x60 ..\obj\stm32f10x_pwr.o
 .debug_ranges  0x00000000       0x50 ..\obj\stm32f10x_pwr.o
 .debug_line    0x00000000      0x219 ..\obj\stm32f10x_pwr.o
 .debug_str     0x00000000      0x31e ..\obj\stm32f10x_pwr.o
 .comment       0x00000000       0x6f ..\obj\stm32f10x_pwr.o
 .debug_frame   0x00000000      0x164 ..\obj\stm32f10x_pwr.o
 .ARM.attributes
                0x00000000       0x33 ..\obj\stm32f10x_pwr.o
 .text          0x00000000        0x0 ..\obj\stm32f10x_gpio.o
 .data          0x00000000        0x0 ..\obj\stm32f10x_gpio.o
 .bss           0x00000000        0x0 ..\obj\stm32f10x_gpio.o
 .text.GPIO_DeInit
                0x00000000       0xe4 ..\obj\stm32f10x_gpio.o
 .text.GPIO_AFIODeInit
                0x00000000       0x18 ..\obj\stm32f10x_gpio.o
 .text.GPIO_StructInit
                0x00000000       0x28 ..\obj\stm32f10x_gpio.o
 .text.GPIO_ReadInputData
                0x00000000       0x18 ..\obj\stm32f10x_gpio.o
 .text.GPIO_ReadOutputData
                0x00000000       0x18 ..\obj\stm32f10x_gpio.o
 .text.GPIO_Write
                0x00000000       0x1c ..\obj\stm32f10x_gpio.o
 .text.GPIO_PinLockConfig
                0x00000000       0x44 ..\obj\stm32f10x_gpio.o
 .text.GPIO_EventOutputConfig
                0x00000000       0x4c ..\obj\stm32f10x_gpio.o
 .text.GPIO_EventOutputCmd
                0x00000000       0x20 ..\obj\stm32f10x_gpio.o
 .text.GPIO_EXTILineConfig
                0x00000000       0x84 ..\obj\stm32f10x_gpio.o
 .text.GPIO_ETH_MediaInterfaceConfig
                0x00000000       0x1c ..\obj\stm32f10x_gpio.o
 .text          0x00000000        0x0 ..\obj\stm32f10x_dac.o
 .data          0x00000000        0x0 ..\obj\stm32f10x_dac.o
 .bss           0x00000000        0x0 ..\obj\stm32f10x_dac.o
 .text.DAC_DeInit
                0x00000000       0x1c ..\obj\stm32f10x_dac.o
 .text.DAC_Init
                0x00000000       0x64 ..\obj\stm32f10x_dac.o
 .text.DAC_StructInit
                0x00000000       0x2c ..\obj\stm32f10x_dac.o
 .text.DAC_Cmd  0x00000000       0x48 ..\obj\stm32f10x_dac.o
 .text.DAC_DMACmd
                0x00000000       0x4c ..\obj\stm32f10x_dac.o
 .text.DAC_SoftwareTriggerCmd
                0x00000000       0x4c ..\obj\stm32f10x_dac.o
 .text.DAC_DualSoftwareTriggerCmd
                0x00000000       0x38 ..\obj\stm32f10x_dac.o
 .text.DAC_WaveGenerationCmd
                0x00000000       0x4c ..\obj\stm32f10x_dac.o
 .text.DAC_SetChannel1Data
                0x00000000       0x34 ..\obj\stm32f10x_dac.o
 .text.DAC_SetChannel2Data
                0x00000000       0x34 ..\obj\stm32f10x_dac.o
 .text.DAC_SetDualChannelData
                0x00000000       0x58 ..\obj\stm32f10x_dac.o
 .text.DAC_GetDataOutputValue
                0x00000000       0x30 ..\obj\stm32f10x_dac.o
 .debug_info    0x00000000      0x4b4 ..\obj\stm32f10x_dac.o
 .debug_abbrev  0x00000000      0x175 ..\obj\stm32f10x_dac.o
 .debug_aranges
                0x00000000       0x78 ..\obj\stm32f10x_dac.o
 .debug_ranges  0x00000000       0x68 ..\obj\stm32f10x_dac.o
 .debug_line    0x00000000      0x277 ..\obj\stm32f10x_dac.o
 .debug_str     0x00000000      0x3ab ..\obj\stm32f10x_dac.o
 .comment       0x00000000       0x6f ..\obj\stm32f10x_dac.o
 .debug_frame   0x00000000      0x1e4 ..\obj\stm32f10x_dac.o
 .ARM.attributes
                0x00000000       0x33 ..\obj\stm32f10x_dac.o
 .text          0x00000000        0x0 ..\obj\main.o
 .data          0x00000000        0x0 ..\obj\main.o
 .text          0x00000000        0x0 ..\obj\Terminal.o
 .text          0x00000000        0x0 ..\obj\printf.o
 .data          0x00000000      0x42c ..\obj\printf.o
 .bss           0x00000000        0x0 ..\obj\printf.o
 .text.PrintChar
                0x00000000       0x14 ..\obj\printf.o
 .text.snprintf
                0x00000000       0x30 ..\obj\printf.o
 .rodata        0x00000000       0x24 ..\obj\printf.o
 .text.vfprintf
                0x00000000       0x68 ..\obj\printf.o
 .text.vprintf  0x00000000       0x28 ..\obj\printf.o
 .text.fprintf  0x00000000       0x2c ..\obj\printf.o
 .text.printf   0x00000000       0x28 ..\obj\printf.o
 .text.puts     0x00000000       0x24 ..\obj\printf.o
 .text.fputc    0x00000000       0x40 ..\obj\printf.o
 .text.fputs    0x00000000       0x48 ..\obj\printf.o
 .text          0x00000000        0x0 ..\obj\stm32f10x_rcc.o
 .bss           0x00000000        0x0 ..\obj\stm32f10x_rcc.o
 .text.RCC_AdjustHSICalibrationValue
                0x00000000       0x3c ..\obj\stm32f10x_rcc.o
 .text.RCC_HSICmd
                0x00000000       0x20 ..\obj\stm32f10x_rcc.o
 .text.RCC_ITConfig
                0x00000000       0x4c ..\obj\stm32f10x_rcc.o
 .text.RCC_USBCLKConfig
                0x00000000       0x1c ..\obj\stm32f10x_rcc.o
 .text.RCC_ADCCLKConfig
                0x00000000       0x38 ..\obj\stm32f10x_rcc.o
 .text.RCC_LSEConfig
                0x00000000       0x40 ..\obj\stm32f10x_rcc.o
 .text.RCC_LSICmd
                0x00000000       0x20 ..\obj\stm32f10x_rcc.o
 .text.RCC_RTCCLKConfig
                0x00000000       0x24 ..\obj\stm32f10x_rcc.o
 .text.RCC_RTCCLKCmd
                0x00000000       0x20 ..\obj\stm32f10x_rcc.o
 .text.RCC_AHBPeriphClockCmd
                0x00000000       0x3c ..\obj\stm32f10x_rcc.o
 .text.RCC_APB2PeriphResetCmd
                0x00000000       0x3c ..\obj\stm32f10x_rcc.o
 .text.RCC_APB1PeriphResetCmd
                0x00000000       0x3c ..\obj\stm32f10x_rcc.o
 .text.RCC_BackupResetCmd
                0x00000000       0x20 ..\obj\stm32f10x_rcc.o
 .text.RCC_ClockSecuritySystemCmd
                0x00000000       0x20 ..\obj\stm32f10x_rcc.o
 .text.RCC_MCOConfig
                0x00000000       0x20 ..\obj\stm32f10x_rcc.o
 .text.RCC_ClearFlag
                0x00000000       0x1c ..\obj\stm32f10x_rcc.o
 .text.RCC_GetITStatus
                0x00000000       0x34 ..\obj\stm32f10x_rcc.o
 .text.RCC_ClearITPendingBit
                0x00000000       0x20 ..\obj\stm32f10x_rcc.o
 .text          0x00000000        0x0 ..\obj\Device.o
 .data          0x00000000        0x0 ..\obj\Device.o
 .text          0x00000000        0x0 ..\obj\stm32f10x_adc.o
 .data          0x00000000        0x0 ..\obj\stm32f10x_adc.o
 .bss           0x00000000        0x0 ..\obj\stm32f10x_adc.o
 .text.ADC_DeInit
                0x00000000       0x74 ..\obj\stm32f10x_adc.o
 .text.ADC_Init
                0x00000000       0xa4 ..\obj\stm32f10x_adc.o
 .text.ADC_StructInit
                0x00000000       0x38 ..\obj\stm32f10x_adc.o
 .text.ADC_Cmd  0x00000000       0x38 ..\obj\stm32f10x_adc.o
 .text.ADC_DMACmd
                0x00000000       0x38 ..\obj\stm32f10x_adc.o
 .text.ADC_ITConfig
                0x00000000       0x44 ..\obj\stm32f10x_adc.o
 .text.ADC_ResetCalibration
                0x00000000       0x20 ..\obj\stm32f10x_adc.o
 .text.ADC_GetResetCalibrationStatus
                0x00000000       0x30 ..\obj\stm32f10x_adc.o
 .text.ADC_StartCalibration
                0x00000000       0x20 ..\obj\stm32f10x_adc.o
 .text.ADC_GetCalibrationStatus
                0x00000000       0x30 ..\obj\stm32f10x_adc.o
 .text.ADC_SoftwareStartConvCmd
                0x00000000       0x38 ..\obj\stm32f10x_adc.o
 .text.ADC_GetSoftwareStartConvStatus
                0x00000000       0x30 ..\obj\stm32f10x_adc.o
 .text.ADC_DiscModeChannelCountConfig
                0x00000000       0x44 ..\obj\stm32f10x_adc.o
 .text.ADC_DiscModeCmd
                0x00000000       0x38 ..\obj\stm32f10x_adc.o
 .text.ADC_RegularChannelConfig
                0x00000000      0x194 ..\obj\stm32f10x_adc.o
 .text.ADC_ExternalTrigConvCmd
                0x00000000       0x38 ..\obj\stm32f10x_adc.o
 .text.ADC_GetConversionValue
                0x00000000       0x18 ..\obj\stm32f10x_adc.o
 .text.ADC_GetDualModeConversionValue
                0x00000000       0x14 ..\obj\stm32f10x_adc.o
 .text.ADC_AutoInjectedConvCmd
                0x00000000       0x38 ..\obj\stm32f10x_adc.o
 .text.ADC_InjectedDiscModeCmd
                0x00000000       0x38 ..\obj\stm32f10x_adc.o
 .text.ADC_ExternalTrigInjectedConvConfig
                0x00000000       0x34 ..\obj\stm32f10x_adc.o
 .text.ADC_ExternalTrigInjectedConvCmd
                0x00000000       0x38 ..\obj\stm32f10x_adc.o
 .text.ADC_SoftwareStartInjectedConvCmd
                0x00000000       0x38 ..\obj\stm32f10x_adc.o
 .text.ADC_GetSoftwareStartInjectedConvCmdStatus
                0x00000000       0x30 ..\obj\stm32f10x_adc.o
 .text.ADC_InjectedChannelConfig
                0x00000000      0x120 ..\obj\stm32f10x_adc.o
 .text.ADC_InjectedSequencerLengthConfig
                0x00000000       0x44 ..\obj\stm32f10x_adc.o
 .text.ADC_SetInjectedOffset
                0x00000000       0x34 ..\obj\stm32f10x_adc.o
 .text.ADC_GetInjectedConversionValue
                0x00000000       0x30 ..\obj\stm32f10x_adc.o
 .text.ADC_AnalogWatchdogCmd
                0x00000000       0x38 ..\obj\stm32f10x_adc.o
 .text.ADC_AnalogWatchdogThresholdsConfig
                0x00000000       0x28 ..\obj\stm32f10x_adc.o
 .text.ADC_AnalogWatchdogSingleChannelConfig
                0x00000000       0x38 ..\obj\stm32f10x_adc.o
 .text.ADC_TempSensorVrefintCmd
                0x00000000       0x38 ..\obj\stm32f10x_adc.o
 .text.ADC_GetFlagStatus
                0x00000000       0x34 ..\obj\stm32f10x_adc.o
 .text.ADC_ClearFlag
                0x00000000       0x20 ..\obj\stm32f10x_adc.o
 .text.ADC_GetITStatus
                0x00000000       0x54 ..\obj\stm32f10x_adc.o
 .text.ADC_ClearITPendingBit
                0x00000000       0x2c ..\obj\stm32f10x_adc.o
 .debug_info    0x00000000      0xb7c ..\obj\stm32f10x_adc.o
 .debug_abbrev  0x00000000      0x19a ..\obj\stm32f10x_adc.o
 .debug_aranges
                0x00000000      0x138 ..\obj\stm32f10x_adc.o
 .debug_ranges  0x00000000      0x128 ..\obj\stm32f10x_adc.o
 .debug_line    0x00000000      0x4ca ..\obj\stm32f10x_adc.o
 .debug_str     0x00000000      0x6f7 ..\obj\stm32f10x_adc.o
 .comment       0x00000000       0x6f ..\obj\stm32f10x_adc.o
 .debug_frame   0x00000000      0x5a4 ..\obj\stm32f10x_adc.o
 .ARM.attributes
                0x00000000       0x33 ..\obj\stm32f10x_adc.o
 .text          0x00000000        0x0 ..\obj\fonts.o
 .bss           0x00000000        0x0 ..\obj\fonts.o
 .text.FONTS_GetStringSize
                0x00000000       0x3c ..\obj\fonts.o
 .text          0x00000000        0x0 ..\obj\stm32f10x_usart.o
 .data          0x00000000        0x0 ..\obj\stm32f10x_usart.o
 .bss           0x00000000        0x0 ..\obj\stm32f10x_usart.o
 .text.USART_DeInit
                0x00000000       0xb8 ..\obj\stm32f10x_usart.o
 .text.USART_StructInit
                0x00000000       0x38 ..\obj\stm32f10x_usart.o
 .text.USART_ClockInit
                0x00000000       0x58 ..\obj\stm32f10x_usart.o
 .text.USART_ClockStructInit
                0x00000000       0x2c ..\obj\stm32f10x_usart.o
 .text.USART_DMACmd
                0x00000000       0x48 ..\obj\stm32f10x_usart.o
 .text.USART_SetAddress
                0x00000000       0x38 ..\obj\stm32f10x_usart.o
 .text.USART_WakeUpConfig
                0x00000000       0x38 ..\obj\stm32f10x_usart.o
 .text.USART_ReceiverWakeUpCmd
                0x00000000       0x40 ..\obj\stm32f10x_usart.o
 .text.USART_LINBreakDetectLengthConfig
                0x00000000       0x38 ..\obj\stm32f10x_usart.o
 .text.USART_LINCmd
                0x00000000       0x40 ..\obj\stm32f10x_usart.o
 .text.USART_SendData
                0x00000000       0x24 ..\obj\stm32f10x_usart.o
 .text.USART_ReceiveData
                0x00000000       0x20 ..\obj\stm32f10x_usart.o
 .text.USART_SendBreak
                0x00000000       0x24 ..\obj\stm32f10x_usart.o
 .text.USART_SetGuardTime
                0x00000000       0x3c ..\obj\stm32f10x_usart.o
 .text.USART_SetPrescaler
                0x00000000       0x38 ..\obj\stm32f10x_usart.o
 .text.USART_SmartCardCmd
                0x00000000       0x40 ..\obj\stm32f10x_usart.o
 .text.USART_SmartCardNACKCmd
                0x00000000       0x40 ..\obj\stm32f10x_usart.o
 .text.USART_HalfDuplexCmd
                0x00000000       0x40 ..\obj\stm32f10x_usart.o
 .text.USART_OverSampling8Cmd
                0x00000000       0x44 ..\obj\stm32f10x_usart.o
 .text.USART_OneBitMethodCmd
                0x00000000       0x40 ..\obj\stm32f10x_usart.o
 .text.USART_IrDAConfig
                0x00000000       0x38 ..\obj\stm32f10x_usart.o
 .text.USART_IrDACmd
                0x00000000       0x40 ..\obj\stm32f10x_usart.o
 .text.USART_GetFlagStatus
                0x00000000       0x38 ..\obj\stm32f10x_usart.o
 .text.USART_ClearFlag
                0x00000000       0x20 ..\obj\stm32f10x_usart.o
 .text.USART_GetITStatus
                0x00000000       0xb4 ..\obj\stm32f10x_usart.o
 .text.USART_ClearITPendingBit
                0x00000000       0x38 ..\obj\stm32f10x_usart.o
 .text          0x00000000        0x0 ..\obj\dht.o
 .data          0x00000000        0x0 ..\obj\dht.o
 .text          0x00000000        0x0 ..\obj\syscalls.o
 .data          0x00000000        0x0 ..\obj\syscalls.o
 .bss           0x00000000        0x4 ..\obj\syscalls.o
 .text._sbrk    0x00000000       0x3c ..\obj\syscalls.o
 .text.link     0x00000000       0x18 ..\obj\syscalls.o
 .text._close   0x00000000       0x18 ..\obj\syscalls.o
 .text._fstat   0x00000000       0x20 ..\obj\syscalls.o
 .text._isatty  0x00000000       0x14 ..\obj\syscalls.o
 .text._lseek   0x00000000       0x18 ..\obj\syscalls.o
 .text._read    0x00000000       0x18 ..\obj\syscalls.o
 .text._write   0x00000000       0x18 ..\obj\syscalls.o
 .text.abort    0x00000000        0x8 ..\obj\syscalls.o
 .debug_info    0x00000000      0x458 ..\obj\syscalls.o
 .debug_abbrev  0x00000000       0xe5 ..\obj\syscalls.o
 .debug_aranges
                0x00000000       0x60 ..\obj\syscalls.o
 .debug_ranges  0x00000000       0x50 ..\obj\syscalls.o
 .debug_line    0x00000000      0x19e ..\obj\syscalls.o
 .debug_str     0x00000000      0x31d ..\obj\syscalls.o
 .comment       0x00000000       0x6f ..\obj\syscalls.o
 .debug_frame   0x00000000      0x168 ..\obj\syscalls.o
 .ARM.attributes
                0x00000000       0x33 ..\obj\syscalls.o
 .text          0x00000000        0x0 ..\obj\stm32f10x_flash.o
 .data          0x00000000        0x0 ..\obj\stm32f10x_flash.o
 .bss           0x00000000        0x0 ..\obj\stm32f10x_flash.o
 .text.FLASH_SetLatency
                0x00000000       0x38 ..\obj\stm32f10x_flash.o
 .text.FLASH_HalfCycleAccessCmd
                0x00000000       0x30 ..\obj\stm32f10x_flash.o
 .text.FLASH_PrefetchBufferCmd
                0x00000000       0x30 ..\obj\stm32f10x_flash.o
 .text.FLASH_Unlock
                0x00000000       0x24 ..\obj\stm32f10x_flash.o
 .text.FLASH_UnlockBank1
                0x00000000       0x24 ..\obj\stm32f10x_flash.o
 .text.FLASH_Lock
                0x00000000       0x1c ..\obj\stm32f10x_flash.o
 .text.FLASH_LockBank1
                0x00000000       0x1c ..\obj\stm32f10x_flash.o
 .text.FLASH_ErasePage
                0x00000000       0x64 ..\obj\stm32f10x_flash.o
 .text.FLASH_EraseAllPages
                0x00000000       0x5c ..\obj\stm32f10x_flash.o
 .text.FLASH_EraseAllBank1Pages
                0x00000000       0x5c ..\obj\stm32f10x_flash.o
 .text.FLASH_EraseOptionBytes
                0x00000000       0xd4 ..\obj\stm32f10x_flash.o
 .text.FLASH_ProgramWord
                0x00000000       0x94 ..\obj\stm32f10x_flash.o
 .text.FLASH_ProgramHalfWord
                0x00000000       0x5c ..\obj\stm32f10x_flash.o
 .text.FLASH_ProgramOptionByteData
                0x00000000       0x78 ..\obj\stm32f10x_flash.o
 .text.FLASH_EnableWriteProtection
                0x00000000      0x118 ..\obj\stm32f10x_flash.o
 .text.FLASH_ReadOutProtection
                0x00000000       0xd4 ..\obj\stm32f10x_flash.o
 .text.FLASH_UserOptionByteConfig
                0x00000000       0x94 ..\obj\stm32f10x_flash.o
 .text.FLASH_GetUserOptionByte
                0x00000000       0x18 ..\obj\stm32f10x_flash.o
 .text.FLASH_GetWriteProtectionOptionByte
                0x00000000       0x14 ..\obj\stm32f10x_flash.o
 .text.FLASH_GetReadOutProtectionStatus
                0x00000000       0x30 ..\obj\stm32f10x_flash.o
 .text.FLASH_GetPrefetchBufferStatus
                0x00000000       0x30 ..\obj\stm32f10x_flash.o
 .text.FLASH_ITConfig
                0x00000000       0x3c ..\obj\stm32f10x_flash.o
 .text.FLASH_GetFlagStatus
                0x00000000       0x50 ..\obj\stm32f10x_flash.o
 .text.FLASH_ClearFlag
                0x00000000       0x1c ..\obj\stm32f10x_flash.o
 .text.FLASH_GetStatus
                0x00000000       0x54 ..\obj\stm32f10x_flash.o
 .text.FLASH_GetBank1Status
                0x00000000       0x54 ..\obj\stm32f10x_flash.o
 .text.FLASH_WaitForLastOperation
                0x00000000       0x44 ..\obj\stm32f10x_flash.o
 .text.FLASH_WaitForLastBank1Operation
                0x00000000       0x44 ..\obj\stm32f10x_flash.o
 .debug_info    0x00000000      0x7bd ..\obj\stm32f10x_flash.o
 .debug_abbrev  0x00000000      0x18f ..\obj\stm32f10x_flash.o
 .debug_aranges
                0x00000000       0xf8 ..\obj\stm32f10x_flash.o
 .debug_ranges  0x00000000       0xe8 ..\obj\stm32f10x_flash.o
 .debug_line    0x00000000      0x45c ..\obj\stm32f10x_flash.o
 .debug_str     0x00000000      0x5e4 ..\obj\stm32f10x_flash.o
 .comment       0x00000000       0x6f ..\obj\stm32f10x_flash.o
 .debug_frame   0x00000000      0x410 ..\obj\stm32f10x_flash.o
 .ARM.attributes
                0x00000000       0x33 ..\obj\stm32f10x_flash.o
 .text          0x00000000        0x0 ..\obj\ssd1306_i2c.o
 .data          0x00000000        0x0 ..\obj\ssd1306_i2c.o
 .text          0x00000000        0x0 ..\obj\stm32f10x_dma.o
 .data          0x00000000        0x0 ..\obj\stm32f10x_dma.o
 .bss           0x00000000        0x0 ..\obj\stm32f10x_dma.o
 .text.DMA_DeInit
                0x00000000      0x178 ..\obj\stm32f10x_dma.o
 .text.DMA_Init
                0x00000000       0x7c ..\obj\stm32f10x_dma.o
 .text.DMA_StructInit
                0x00000000       0x54 ..\obj\stm32f10x_dma.o
 .text.DMA_Cmd  0x00000000       0x38 ..\obj\stm32f10x_dma.o
 .text.DMA_ITConfig
                0x00000000       0x3c ..\obj\stm32f10x_dma.o
 .text.DMA_SetCurrDataCounter
                0x00000000       0x1c ..\obj\stm32f10x_dma.o
 .text.DMA_GetCurrDataCounter
                0x00000000       0x18 ..\obj\stm32f10x_dma.o
 .text.DMA_GetFlagStatus
                0x00000000       0x50 ..\obj\stm32f10x_dma.o
 .text.DMA_ClearFlag
                0x00000000       0x34 ..\obj\stm32f10x_dma.o
 .text.DMA_GetITStatus
                0x00000000       0x50 ..\obj\stm32f10x_dma.o
 .text.DMA_ClearITPendingBit
                0x00000000       0x34 ..\obj\stm32f10x_dma.o
 .debug_info    0x00000000      0x47b ..\obj\stm32f10x_dma.o
 .debug_abbrev  0x00000000      0x157 ..\obj\stm32f10x_dma.o
 .debug_aranges
                0x00000000       0x70 ..\obj\stm32f10x_dma.o
 .debug_ranges  0x00000000       0x60 ..\obj\stm32f10x_dma.o
 .debug_line    0x00000000      0x2c8 ..\obj\stm32f10x_dma.o
 .debug_str     0x00000000      0x3b3 ..\obj\stm32f10x_dma.o
 .comment       0x00000000       0x6f ..\obj\stm32f10x_dma.o
 .debug_frame   0x00000000      0x1c8 ..\obj\stm32f10x_dma.o
 .ARM.attributes
                0x00000000       0x33 ..\obj\stm32f10x_dma.o
 .text          0x00000000        0x0 ..\obj\ico.o
 .data          0x00000000        0x0 ..\obj\ico.o
 .bss           0x00000000        0x0 ..\obj\ico.o
 .text          0x00000000        0x0 ..\obj\ico2.o
 .data          0x00000000        0x0 ..\obj\ico2.o
 .bss           0x00000000        0x0 ..\obj\ico2.o
 .text          0x00000000        0x0 ..\obj\misc.o
 .data          0x00000000        0x0 ..\obj\misc.o
 .bss           0x00000000        0x0 ..\obj\misc.o
 .text.NVIC_PriorityGroupConfig
                0x00000000       0x24 ..\obj\misc.o
 .text.NVIC_SetVectorTable
                0x00000000       0x2c ..\obj\misc.o
 .text.NVIC_SystemLPConfig
                0x00000000       0x40 ..\obj\misc.o
 .text.SysTick_CLKSourceConfig
                0x00000000       0x38 ..\obj\misc.o
 .text          0x00000000        0x0 ..\obj\ssd1306.o
 .data          0x00000000        0x0 ..\obj\ssd1306.o
 .text.SSD1306_ToggleInvert
                0x00000000       0x50 ..\obj\ssd1306.o
 .text.SSD1306_DrawRectangle
                0x00000000       0xd4 ..\obj\ssd1306.o
 .text.SSD1306_DrawFilledRectangle
                0x00000000       0x9c ..\obj\ssd1306.o
 .text.SSD1306_DrawTriangle
                0x00000000       0x64 ..\obj\ssd1306.o
 .text.SSD1306_DrawFilledTriangle
                0x00000000      0x184 ..\obj\ssd1306.o
 .text.SSD1306_DrawCircle
                0x00000000      0x1a8 ..\obj\ssd1306.o
 .text.SSD1306_DrawFilledCircle
                0x00000000      0x1b4 ..\obj\ssd1306.o
 .text.ssd1306_image
                0x00000000       0xc8 ..\obj\ssd1306.o
 .text.SSD1306_ON
                0x00000000       0x30 ..\obj\ssd1306.o
 .text.SSD1306_OFF
                0x00000000       0x30 ..\obj\ssd1306.o
 .text          0x00000000        0x0 ..\obj\stm32f10x_spi.o
 .data          0x00000000        0x0 ..\obj\stm32f10x_spi.o
 .bss           0x00000000        0x0 ..\obj\stm32f10x_spi.o
 .text.SPI_I2S_DeInit
                0x00000000       0x74 ..\obj\stm32f10x_spi.o
 .text.SPI_Init
                0x00000000       0x88 ..\obj\stm32f10x_spi.o
 .text.I2S_Init
                0x00000000      0x168 ..\obj\stm32f10x_spi.o
 .text.SPI_StructInit
                0x00000000       0x48 ..\obj\stm32f10x_spi.o
 .text.I2S_StructInit
                0x00000000       0x38 ..\obj\stm32f10x_spi.o
 .text.SPI_Cmd  0x00000000       0x40 ..\obj\stm32f10x_spi.o
 .text.I2S_Cmd  0x00000000       0x40 ..\obj\stm32f10x_spi.o
 .text.SPI_I2S_ITConfig
                0x00000000       0x60 ..\obj\stm32f10x_spi.o
 .text.SPI_I2S_DMACmd
                0x00000000       0x48 ..\obj\stm32f10x_spi.o
 .text.SPI_I2S_SendData
                0x00000000       0x1c ..\obj\stm32f10x_spi.o
 .text.SPI_I2S_ReceiveData
                0x00000000       0x18 ..\obj\stm32f10x_spi.o
 .text.SPI_NSSInternalSoftwareConfig
                0x00000000       0x44 ..\obj\stm32f10x_spi.o
 .text.SPI_SSOutputCmd
                0x00000000       0x40 ..\obj\stm32f10x_spi.o
 .text.SPI_DataSizeConfig
                0x00000000       0x38 ..\obj\stm32f10x_spi.o
 .text.SPI_TransmitCRC
                0x00000000       0x24 ..\obj\stm32f10x_spi.o
 .text.SPI_CalculateCRC
                0x00000000       0x40 ..\obj\stm32f10x_spi.o
 .text.SPI_GetCRC
                0x00000000       0x30 ..\obj\stm32f10x_spi.o
 .text.SPI_GetCRCPolynomial
                0x00000000       0x18 ..\obj\stm32f10x_spi.o
 .text.SPI_BiDirectionalLineConfig
                0x00000000       0x40 ..\obj\stm32f10x_spi.o
 .text.SPI_I2S_GetFlagStatus
                0x00000000       0x38 ..\obj\stm32f10x_spi.o
 .text.SPI_I2S_ClearFlag
                0x00000000       0x20 ..\obj\stm32f10x_spi.o
 .text.SPI_I2S_GetITStatus
                0x00000000       0x74 ..\obj\stm32f10x_spi.o
 .text.SPI_I2S_ClearITPendingBit
                0x00000000       0x34 ..\obj\stm32f10x_spi.o
 .debug_info    0x00000000      0x8fb ..\obj\stm32f10x_spi.o
 .debug_abbrev  0x00000000      0x180 ..\obj\stm32f10x_spi.o
 .debug_aranges
                0x00000000       0xd0 ..\obj\stm32f10x_spi.o
 .debug_ranges  0x00000000       0xc0 ..\obj\stm32f10x_spi.o
 .debug_line    0x00000000      0x3bd ..\obj\stm32f10x_spi.o
 .debug_str     0x00000000      0x5f9 ..\obj\stm32f10x_spi.o
 .comment       0x00000000       0x6f ..\obj\stm32f10x_spi.o
 .debug_frame   0x00000000      0x3a0 ..\obj\stm32f10x_spi.o
 .ARM.attributes
                0x00000000       0x33 ..\obj\stm32f10x_spi.o
 .text          0x00000000        0x0 ..\obj\stm32f10x_i2c.o
 .data          0x00000000        0x0 ..\obj\stm32f10x_i2c.o
 .bss           0x00000000        0x0 ..\obj\stm32f10x_i2c.o
 .text.I2C_DeInit
                0x00000000       0x48 ..\obj\stm32f10x_i2c.o
 .text.I2C_StructInit
                0x00000000       0x3c ..\obj\stm32f10x_i2c.o
 .text.I2C_DMACmd
                0x00000000       0x40 ..\obj\stm32f10x_i2c.o
 .text.I2C_DMALastTransferCmd
                0x00000000       0x40 ..\obj\stm32f10x_i2c.o
 .text.I2C_GenerateSTART
                0x00000000       0x40 ..\obj\stm32f10x_i2c.o
 .text.I2C_GenerateSTOP
                0x00000000       0x40 ..\obj\stm32f10x_i2c.o
 .text.I2C_AcknowledgeConfig
                0x00000000       0x40 ..\obj\stm32f10x_i2c.o
 .text.I2C_OwnAddress2Config
                0x00000000       0x44 ..\obj\stm32f10x_i2c.o
 .text.I2C_DualAddressCmd
                0x00000000       0x40 ..\obj\stm32f10x_i2c.o
 .text.I2C_GeneralCallCmd
                0x00000000       0x40 ..\obj\stm32f10x_i2c.o
 .text.I2C_ITConfig
                0x00000000       0x48 ..\obj\stm32f10x_i2c.o
 .text.I2C_SendData
                0x00000000       0x20 ..\obj\stm32f10x_i2c.o
 .text.I2C_ReceiveData
                0x00000000       0x1c ..\obj\stm32f10x_i2c.o
 .text.I2C_Send7bitAddress
                0x00000000       0x3c ..\obj\stm32f10x_i2c.o
 .text.I2C_ReadRegister
                0x00000000       0x2c ..\obj\stm32f10x_i2c.o
 .text.I2C_SoftwareResetCmd
                0x00000000       0x44 ..\obj\stm32f10x_i2c.o
 .text.I2C_NACKPositionConfig
                0x00000000       0x40 ..\obj\stm32f10x_i2c.o
 .text.I2C_SMBusAlertConfig
                0x00000000       0x40 ..\obj\stm32f10x_i2c.o
 .text.I2C_TransmitPEC
                0x00000000       0x40 ..\obj\stm32f10x_i2c.o
 .text.I2C_PECPositionConfig
                0x00000000       0x40 ..\obj\stm32f10x_i2c.o
 .text.I2C_CalculatePEC
                0x00000000       0x40 ..\obj\stm32f10x_i2c.o
 .text.I2C_GetPEC
                0x00000000       0x20 ..\obj\stm32f10x_i2c.o
 .text.I2C_ARPCmd
                0x00000000       0x40 ..\obj\stm32f10x_i2c.o
 .text.I2C_StretchClockCmd
                0x00000000       0x40 ..\obj\stm32f10x_i2c.o
 .text.I2C_FastModeDutyCycleConfig
                0x00000000       0x40 ..\obj\stm32f10x_i2c.o
 .text.I2C_GetLastEvent
                0x00000000       0x44 ..\obj\stm32f10x_i2c.o
 .text.I2C_GetFlagStatus
                0x00000000       0x64 ..\obj\stm32f10x_i2c.o
 .text.I2C_ClearFlag
                0x00000000       0x2c ..\obj\stm32f10x_i2c.o
 .text.I2C_GetITStatus
                0x00000000       0x58 ..\obj\stm32f10x_i2c.o
 .text.I2C_ClearITPendingBit
                0x00000000       0x2c ..\obj\stm32f10x_i2c.o
 .text          0x00000000        0x0 ..\obj\stm32f10x_iwdg.o
 .data          0x00000000        0x0 ..\obj\stm32f10x_iwdg.o
 .bss           0x00000000        0x0 ..\obj\stm32f10x_iwdg.o
 .text.IWDG_WriteAccessCmd
                0x00000000       0x20 ..\obj\stm32f10x_iwdg.o
 .text.IWDG_SetPrescaler
                0x00000000       0x20 ..\obj\stm32f10x_iwdg.o
 .text.IWDG_SetReload
                0x00000000       0x20 ..\obj\stm32f10x_iwdg.o
 .text.IWDG_ReloadCounter
                0x00000000       0x18 ..\obj\stm32f10x_iwdg.o
 .text.IWDG_Enable
                0x00000000       0x18 ..\obj\stm32f10x_iwdg.o
 .text.IWDG_GetFlagStatus
                0x00000000       0x34 ..\obj\stm32f10x_iwdg.o
 .debug_info    0x00000000      0x20e ..\obj\stm32f10x_iwdg.o
 .debug_abbrev  0x00000000      0x103 ..\obj\stm32f10x_iwdg.o
 .debug_aranges
                0x00000000       0x48 ..\obj\stm32f10x_iwdg.o
 .debug_ranges  0x00000000       0x38 ..\obj\stm32f10x_iwdg.o
 .debug_line    0x00000000      0x1ad ..\obj\stm32f10x_iwdg.o
 .debug_str     0x00000000      0x258 ..\obj\stm32f10x_iwdg.o
 .comment       0x00000000       0x6f ..\obj\stm32f10x_iwdg.o
 .debug_frame   0x00000000       0xf0 ..\obj\stm32f10x_iwdg.o
 .ARM.attributes
                0x00000000       0x33 ..\obj\stm32f10x_iwdg.o
 .data          0x00000000        0x0 e:/utilites/5.4 2016q3/bin/../lib/gcc/arm-none-eabi/5.4.1/armv7-m\libgcc.a(_arm_addsubsf3.o)
 .bss           0x00000000        0x0 e:/utilites/5.4 2016q3/bin/../lib/gcc/arm-none-eabi/5.4.1/armv7-m\libgcc.a(_arm_addsubsf3.o)
 .data          0x00000000        0x0 e:/utilites/5.4 2016q3/bin/../lib/gcc/arm-none-eabi/5.4.1/armv7-m\libgcc.a(_arm_fixunssfsi.o)
 .bss           0x00000000        0x0 e:/utilites/5.4 2016q3/bin/../lib/gcc/arm-none-eabi/5.4.1/armv7-m\libgcc.a(_arm_fixunssfsi.o)
 .text          0x00000000        0x0 e:/utilites/5.4 2016q3/bin/../lib/gcc/arm-none-eabi/5.4.1/../../../../arm-none-eabi/lib/armv7-m\libg.a(lib_a-memset.o)
 .data          0x00000000        0x0 e:/utilites/5.4 2016q3/bin/../lib/gcc/arm-none-eabi/5.4.1/../../../../arm-none-eabi/lib/armv7-m\libg.a(lib_a-memset.o)
 .bss           0x00000000        0x0 e:/utilites/5.4 2016q3/bin/../lib/gcc/arm-none-eabi/5.4.1/../../../../arm-none-eabi/lib/armv7-m\libg.a(lib_a-memset.o)
 .text          0x00000000        0x0 e:/utilites/5.4 2016q3/bin/../lib/gcc/arm-none-eabi/5.4.1/../../../../arm-none-eabi/lib/armv7-m\libg.a(lib_a-strlen-stub.o)
 .data          0x00000000        0x0 e:/utilites/5.4 2016q3/bin/../lib/gcc/arm-none-eabi/5.4.1/../../../../arm-none-eabi/lib/armv7-m\libg.a(lib_a-strlen-stub.o)
 .bss           0x00000000        0x0 e:/utilites/5.4 2016q3/bin/../lib/gcc/arm-none-eabi/5.4.1/../../../../arm-none-eabi/lib/armv7-m\libg.a(lib_a-strlen-stub.o)
 .text.strlen   0x00000000       0x5c e:/utilites/5.4 2016q3/bin/../lib/gcc/arm-none-eabi/5.4.1/../../../../arm-none-eabi/lib/armv7-m\libg.a(lib_a-strlen-stub.o)
 .debug_frame   0x00000000       0x20 e:/utilites/5.4 2016q3/bin/../lib/gcc/arm-none-eabi/5.4.1/../../../../arm-none-eabi/lib/armv7-m\libg.a(lib_a-strlen-stub.o)
 .ARM.attributes
                0x00000000       0x2d e:/utilites/5.4 2016q3/bin/../lib/gcc/arm-none-eabi/5.4.1/../../../../arm-none-eabi/lib/armv7-m\libg.a(lib_a-strlen-stub.o)
 .text          0x00000000        0x0 e:/utilites/5.4 2016q3/bin/../lib/gcc/arm-none-eabi/5.4.1/../../../../arm-none-eabi/lib/armv7-m\libg.a(lib_a-strstr.o)
 .data          0x00000000        0x0 e:/utilites/5.4 2016q3/bin/../lib/gcc/arm-none-eabi/5.4.1/../../../../arm-none-eabi/lib/armv7-m\libg.a(lib_a-strstr.o)
 .bss           0x00000000        0x0 e:/utilites/5.4 2016q3/bin/../lib/gcc/arm-none-eabi/5.4.1/../../../../arm-none-eabi/lib/armv7-m\libg.a(lib_a-strstr.o)
 .text          0x00000000        0x0 e:/utilites/5.4 2016q3/bin/../lib/gcc/arm-none-eabi/5.4.1/../../../../arm-none-eabi/lib/armv7-m\libg.a(lib_a-memchr-stub.o)
 .data          0x00000000        0x0 e:/utilites/5.4 2016q3/bin/../lib/gcc/arm-none-eabi/5.4.1/../../../../arm-none-eabi/lib/armv7-m\libg.a(lib_a-memchr-stub.o)
 .bss           0x00000000        0x0 e:/utilites/5.4 2016q3/bin/../lib/gcc/arm-none-eabi/5.4.1/../../../../arm-none-eabi/lib/armv7-m\libg.a(lib_a-memchr-stub.o)
 .text          0x00000000        0x0 e:/utilites/5.4 2016q3/bin/../lib/gcc/arm-none-eabi/5.4.1/../../../../arm-none-eabi/lib/armv7-m\libg.a(lib_a-memcmp.o)
 .data          0x00000000        0x0 e:/utilites/5.4 2016q3/bin/../lib/gcc/arm-none-eabi/5.4.1/../../../../arm-none-eabi/lib/armv7-m\libg.a(lib_a-memcmp.o)
 .bss           0x00000000        0x0 e:/utilites/5.4 2016q3/bin/../lib/gcc/arm-none-eabi/5.4.1/../../../../arm-none-eabi/lib/armv7-m\libg.a(lib_a-memcmp.o)
 .text          0x00000000        0x0 e:/utilites/5.4 2016q3/bin/../lib/gcc/arm-none-eabi/5.4.1/../../../../arm-none-eabi/lib/armv7-m\libg.a(lib_a-strchr.o)
 .data          0x00000000        0x0 e:/utilites/5.4 2016q3/bin/../lib/gcc/arm-none-eabi/5.4.1/../../../../arm-none-eabi/lib/armv7-m\libg.a(lib_a-strchr.o)
 .bss           0x00000000        0x0 e:/utilites/5.4 2016q3/bin/../lib/gcc/arm-none-eabi/5.4.1/../../../../arm-none-eabi/lib/armv7-m\libg.a(lib_a-strchr.o)

Memory Configuration

Name             Origin             Length             Attributes
rom              0x08000000         0x00040000         xr
ram              0x20000000         0x0000c000         xrw
*default*        0x00000000         0xffffffff

Linker script and memory map

                0x2000c000                _eram = 0x2000c000

.text           0x08000000     0x7dba
 *(.isr_vector)
 .isr_vector    0x08000000      0x134 ..\obj\startup_stm32f10x_hd.o
                0x08000000                g_pfnVectors
 *(.text*)
 .text.delay_us
                0x08000134       0x34 ..\obj\delay.o
                0x08000134                delay_us
 .text.delay_ms
                0x08000168       0x24 ..\obj\delay.o
                0x08000168                delay_ms
 .text.SystemInit
                0x0800018c       0x68 ..\obj\system_stm32f10x.o
                0x0800018c                SystemInit
 .text.SetSysClock
                0x080001f4        0xc ..\obj\system_stm32f10x.o
 .text.SetSysClockTo72
                0x08000200      0x100 ..\obj\system_stm32f10x.o
 .text.Default_Reset_Handler
                0x08000300       0x60 ..\obj\startup_stm32f10x_hd.o
                0x08000300                Default_Reset_Handler
                0x08000300                Reset_Handler
 .text.Default_Handler
                0x08000360        0x8 ..\obj\startup_stm32f10x_hd.o
                0x08000360                EXTI2_IRQHandler
                0x08000360                TIM8_TRG_COM_IRQHandler
                0x08000360                TIM8_CC_IRQHandler
                0x08000360                DebugMon_Handler
                0x08000360                TIM1_CC_IRQHandler
                0x08000360                HardFault_Handler
                0x08000360                TIM6_IRQHandler
                0x08000360                PVD_IRQHandler
                0x08000360                SDIO_IRQHandler
                0x08000360                PendSV_Handler
                0x08000360                NMI_Handler
                0x08000360                EXTI3_IRQHandler
                0x08000360                EXTI0_IRQHandler
                0x08000360                I2C2_EV_IRQHandler
                0x08000360                UsageFault_Handler
                0x08000360                ADC1_2_IRQHandler
                0x08000360                SPI1_IRQHandler
                0x08000360                TAMPER_IRQHandler
                0x08000360                TIM8_UP_IRQHandler
                0x08000360                DMA2_Channel2_IRQHandler
                0x08000360                DMA1_Channel4_IRQHandler
                0x08000360                USART3_IRQHandler
                0x08000360                RTC_IRQHandler
                0x08000360                DMA1_Channel7_IRQHandler
                0x08000360                CAN1_RX1_IRQHandler
                0x08000360                UART5_IRQHandler
                0x08000360                ADC3_IRQHandler
                0x08000360                TIM4_IRQHandler
                0x08000360                DMA2_Channel1_IRQHandler
                0x08000360                I2C1_EV_IRQHandler
                0x08000360                DMA1_Channel6_IRQHandler
                0x08000360                UART4_IRQHandler
                0x08000360                TIM3_IRQHandler
                0x08000360                RCC_IRQHandler
                0x08000360                TIM1_TRG_COM_IRQHandler
                0x08000360                DMA1_Channel1_IRQHandler
                0x08000360                EXTI15_10_IRQHandler
                0x08000360                TIM7_IRQHandler
                0x08000360                TIM5_IRQHandler
                0x08000360                EXTI9_5_IRQHandler
                0x08000360                SPI2_IRQHandler
                0x08000360                MemManage_Handler
                0x08000360                SVC_Handler
                0x08000360                DMA1_Channel5_IRQHandler
                0x08000360                EXTI4_IRQHandler
                0x08000360                USB_LP_CAN1_RX0_IRQHandler
                0x08000360                USB_HP_CAN1_TX_IRQHandler
                0x08000360                DMA1_Channel3_IRQHandler
                0x08000360                FSMC_IRQHandler
                0x08000360                TIM1_UP_IRQHandler
                0x08000360                WWDG_IRQHandler
                0x08000360                TIM2_IRQHandler
                0x08000360                TIM1_BRK_IRQHandler
                0x08000360                EXTI1_IRQHandler
                0x08000360                RTCAlarm_IRQHandler
                0x08000360                DMA2_Channel4_5_IRQHandler
                0x08000360                USART2_IRQHandler
                0x08000360                I2C2_ER_IRQHandler
                0x08000360                DMA1_Channel2_IRQHandler
                0x08000360                TIM8_BRK_IRQHandler
                0x08000360                CAN1_SCE_IRQHandler
                0x08000360                FLASH_IRQHandler
                0x08000360                BusFault_Handler
                0x08000360                SPI3_IRQHandler
                0x08000360                I2C1_ER_IRQHandler
                0x08000360                USBWakeUp_IRQHandler
                0x08000360                DMA2_Channel3_IRQHandler
 .text.GPIO_Init
                0x08000368      0x178 ..\obj\stm32f10x_gpio.o
                0x08000368                GPIO_Init
 .text.GPIO_ReadInputDataBit
                0x080004e0       0x34 ..\obj\stm32f10x_gpio.o
                0x080004e0                GPIO_ReadInputDataBit
 .text.GPIO_ReadOutputDataBit
                0x08000514       0x34 ..\obj\stm32f10x_gpio.o
                0x08000514                GPIO_ReadOutputDataBit
 .text.GPIO_SetBits
                0x08000548       0x1c ..\obj\stm32f10x_gpio.o
                0x08000548                GPIO_SetBits
 .text.GPIO_ResetBits
                0x08000564       0x1c ..\obj\stm32f10x_gpio.o
                0x08000564                GPIO_ResetBits
 .text.GPIO_WriteBit
                0x08000580       0x30 ..\obj\stm32f10x_gpio.o
                0x08000580                GPIO_WriteBit
 .text.GPIO_PinRemapConfig
                0x080005b0       0xe0 ..\obj\stm32f10x_gpio.o
                0x080005b0                GPIO_PinRemapConfig
 .text.main     0x08000690        0xc ..\obj\main.o
                0x08000690                main
 .text.WorkProc
                0x0800069c       0x78 ..\obj\main.o
                0x0800069c                WorkProc
 .text.InitUART_Terminal
                0x08000714       0x74 ..\obj\Terminal.o
                0x08000714                InitUART_Terminal
 .text.Terminal_Send
                0x08000788       0x30 ..\obj\Terminal.o
                0x08000788                Terminal_Send
 .text.Terminal_Send_String
                0x080007b8       0x38 ..\obj\Terminal.o
                0x080007b8                Terminal_Send_String
 .text.USART1_IRQHandler
                0x080007f0       0x68 ..\obj\Terminal.o
                0x080007f0                USART1_IRQHandler
 .text.Search_Command
                0x08000858      0x148 ..\obj\Terminal.o
                0x08000858                Search_Command
 .text.Clear_Buffer
                0x080009a0       0x3c ..\obj\Terminal.o
                0x080009a0                Clear_Buffer
 .text.PutChar  0x080009dc       0x20 ..\obj\printf.o
                0x080009dc                PutChar
 .text.PutString
                0x080009fc       0x3c ..\obj\printf.o
                0x080009fc                PutString
 .text.PutUnsignedInt
                0x08000a38       0x9c ..\obj\printf.o
                0x08000a38                PutUnsignedInt
 .text.PutSignedInt
                0x08000ad4       0xf8 ..\obj\printf.o
                0x08000ad4                PutSignedInt
 .text.PutHexa  0x08000bcc       0xd4 ..\obj\printf.o
                0x08000bcc                PutHexa
 .text.vsnprintf
                0x08000ca0      0x254 ..\obj\printf.o
                0x08000ca0                vsnprintf
 .text.vsprintf
                0x08000ef4       0x24 ..\obj\printf.o
                0x08000ef4                vsprintf
 .text.sprintf  0x08000f18       0x2c ..\obj\printf.o
                0x08000f18                sprintf
 .text.RCC_DeInit
                0x08000f44       0x5c ..\obj\stm32f10x_rcc.o
                0x08000f44                RCC_DeInit
 .text.RCC_HSEConfig
                0x08000fa0       0x5c ..\obj\stm32f10x_rcc.o
                0x08000fa0                RCC_HSEConfig
 .text.RCC_WaitForHSEStartUp
                0x08000ffc       0x50 ..\obj\stm32f10x_rcc.o
                0x08000ffc                RCC_WaitForHSEStartUp
 .text.RCC_PLLConfig
                0x0800104c       0x3c ..\obj\stm32f10x_rcc.o
                0x0800104c                RCC_PLLConfig
 .text.RCC_PLLCmd
                0x08001088       0x20 ..\obj\stm32f10x_rcc.o
                0x08001088                RCC_PLLCmd
 .text.RCC_SYSCLKConfig
                0x080010a8       0x38 ..\obj\stm32f10x_rcc.o
                0x080010a8                RCC_SYSCLKConfig
 .text.RCC_GetSYSCLKSource
                0x080010e0       0x1c ..\obj\stm32f10x_rcc.o
                0x080010e0                RCC_GetSYSCLKSource
 .text.RCC_HCLKConfig
                0x080010fc       0x38 ..\obj\stm32f10x_rcc.o
                0x080010fc                RCC_HCLKConfig
 .text.RCC_PCLK1Config
                0x08001134       0x38 ..\obj\stm32f10x_rcc.o
                0x08001134                RCC_PCLK1Config
 .text.RCC_PCLK2Config
                0x0800116c       0x38 ..\obj\stm32f10x_rcc.o
                0x0800116c                RCC_PCLK2Config
 .text.RCC_GetClocksFreq
                0x080011a4      0x160 ..\obj\stm32f10x_rcc.o
                0x080011a4                RCC_GetClocksFreq
 .text.RCC_APB2PeriphClockCmd
                0x08001304       0x3c ..\obj\stm32f10x_rcc.o
                0x08001304                RCC_APB2PeriphClockCmd
 .text.RCC_APB1PeriphClockCmd
                0x08001340       0x3c ..\obj\stm32f10x_rcc.o
                0x08001340                RCC_APB1PeriphClockCmd
 .text.RCC_GetFlagStatus
                0x0800137c       0x74 ..\obj\stm32f10x_rcc.o
                0x0800137c                RCC_GetFlagStatus
 .text.NVIC_SetPriority
                0x080013f0       0x54 ..\obj\Device.o
 .text.SysTick_Config
                0x08001444       0x44 ..\obj\Device.o
 .text.StartIcons
                0x08001488      0x15c ..\obj\Device.o
                0x08001488                StartIcons
 .text.SetupHardware
                0x080015e4       0x64 ..\obj\Device.o
                0x080015e4                SetupHardware
 .text.SysTick_Handler
                0x08001648       0x6c ..\obj\Device.o
                0x08001648                SysTick_Handler
 .text.GPIO_Initialise
                0x080016b4      0x164 ..\obj\Device.o
                0x080016b4                GPIO_Initialise
 .text.Calc_PLL
                0x08001818      0x160 ..\obj\Device.o
                0x08001818                Calc_PLL
 .text.SetSysClock
                0x08001978       0x80 ..\obj\Device.o
                0x08001978                SetSysClock
 .text.EnableClockPeriph
                0x080019f8       0x3c ..\obj\Device.o
                0x080019f8                EnableClockPeriph
 .text.RW_IO    0x08001a34      0x160 ..\obj\Device.o
                0x08001a34                RW_IO
 .text.Print    0x08001b94      0x4ec ..\obj\Device.o
                0x08001b94                Print
 .text.USART_Init
                0x08002080      0x174 ..\obj\stm32f10x_usart.o
                0x08002080                USART_Init
 .text.USART_Cmd
                0x080021f4       0x40 ..\obj\stm32f10x_usart.o
                0x080021f4                USART_Cmd
 .text.USART_ITConfig
                0x08002234       0x90 ..\obj\stm32f10x_usart.o
                0x08002234                USART_ITConfig
 .text.dht_DataPin_init
                0x080022c4       0x38 ..\obj\dht.o
                0x080022c4                dht_DataPin_init
 .text.dht_waitfront
                0x080022fc       0x60 ..\obj\dht.o
                0x080022fc                dht_waitfront
 .text.dht_request
                0x0800235c       0x7c ..\obj\dht.o
                0x0800235c                dht_request
 .text.dht_readbit
                0x080023d8       0x44 ..\obj\dht.o
                0x080023d8                dht_readbit
 .text.dht_chkbyte
                0x0800241c       0x3c ..\obj\dht.o
                0x0800241c                dht_chkbyte
 .text.dht_read_data
                0x08002458       0xb0 ..\obj\dht.o
                0x08002458                dht_read_data
 .text.dht_get_temperature
                0x08002508       0x1c ..\obj\dht.o
                0x08002508                dht_get_temperature
 .text.dht_get_humidity
                0x08002524       0x1c ..\obj\dht.o
                0x08002524                dht_get_humidity
 .text.ConvertDHT
                0x08002540       0xa4 ..\obj\dht.o
                0x08002540                ConvertDHT
 .text.ssd1306_I2C_Init
                0x080025e4       0x74 ..\obj\ssd1306_i2c.o
                0x080025e4                ssd1306_I2C_Init
 .text.ssd1306_I2C_WriteMulti
                0x08002658       0x5c ..\obj\ssd1306_i2c.o
                0x08002658                ssd1306_I2C_WriteMulti
 .text.ssd1306_I2C_Start
                0x080026b4      0x108 ..\obj\ssd1306_i2c.o
                0x080026b4                ssd1306_I2C_Start
 .text.ssd1306_I2C_WriteData
                0x080027bc       0x4c ..\obj\ssd1306_i2c.o
                0x080027bc                ssd1306_I2C_WriteData
 .text.ssd1306_I2C_Write
                0x08002808       0x48 ..\obj\ssd1306_i2c.o
                0x08002808                ssd1306_I2C_Write
 .text.ssd1306_I2C_Stop
                0x08002850       0x64 ..\obj\ssd1306_i2c.o
                0x08002850                ssd1306_I2C_Stop
 .text.ssd1306_I2C_IsDeviceConnected
                0x080028b4       0x38 ..\obj\ssd1306_i2c.o
                0x080028b4                ssd1306_I2C_IsDeviceConnected
 .text.NVIC_Init
                0x080028ec       0xc4 ..\obj\misc.o
                0x080028ec                NVIC_Init
 .text.PrintIcon
                0x080029b0      0x354 ..\obj\ssd1306.o
                0x080029b0                PrintIcon
 .text.SSD1306_Init
                0x08002d04      0x1ac ..\obj\ssd1306.o
                0x08002d04                SSD1306_Init
 .text.SSD1306_UpdateScreen
                0x08002eb0       0x68 ..\obj\ssd1306.o
                0x08002eb0                SSD1306_UpdateScreen
 .text.SSD1306_Fill
                0x08002f18       0x30 ..\obj\ssd1306.o
                0x08002f18                SSD1306_Fill
 .text.SSD1306_DrawPixel
                0x08002f48       0xbc ..\obj\ssd1306.o
                0x08002f48                SSD1306_DrawPixel
 .text.SSD1306_GotoXY
                0x08003004       0x2c ..\obj\ssd1306.o
                0x08003004                SSD1306_GotoXY
 .text.SSD1306_Putc
                0x08003030      0x100 ..\obj\ssd1306.o
                0x08003030                SSD1306_Putc
 .text.SSD1306_Puts
                0x08003130       0x4c ..\obj\ssd1306.o
                0x08003130                SSD1306_Puts
 .text.SSD1306_DrawLine
                0x0800317c      0x1f8 ..\obj\ssd1306.o
                0x0800317c                SSD1306_DrawLine
 .text.I2C_Init
                0x08003374      0x184 ..\obj\stm32f10x_i2c.o
                0x08003374                I2C_Init
 .text.I2C_Cmd  0x080034f8       0x40 ..\obj\stm32f10x_i2c.o
                0x080034f8                I2C_Cmd
 .text.I2C_CheckEvent
                0x08003538       0x60 ..\obj\stm32f10x_i2c.o
                0x08003538                I2C_CheckEvent
 .text          0x08003598      0x21c e:/utilites/5.4 2016q3/bin/../lib/gcc/arm-none-eabi/5.4.1/armv7-m\libgcc.a(_arm_addsubsf3.o)
                0x08003598                __aeabi_frsub
                0x080035a0                __subsf3
                0x080035a0                __aeabi_fsub
                0x080035a4                __aeabi_fadd
                0x080035a4                __addsf3
                0x08003704                __aeabi_ui2f
                0x08003704                __floatunsisf
                0x0800370c                __aeabi_i2f
                0x0800370c                __floatsisf
                0x08003728                __aeabi_ul2f
                0x08003728                __floatundisf
                0x08003738                __aeabi_l2f
                0x08003738                __floatdisf
 .text          0x080037b4       0x40 e:/utilites/5.4 2016q3/bin/../lib/gcc/arm-none-eabi/5.4.1/armv7-m\libgcc.a(_arm_fixunssfsi.o)
                0x080037b4                __fixunssfsi
                0x080037b4                __aeabi_f2uiz
 .text.memset   0x080037f4       0x9c e:/utilites/5.4 2016q3/bin/../lib/gcc/arm-none-eabi/5.4.1/../../../../arm-none-eabi/lib/armv7-m\libg.a(lib_a-memset.o)
                0x080037f4                memset
 .text.critical_factorization
                0x08003890       0xb8 e:/utilites/5.4 2016q3/bin/../lib/gcc/arm-none-eabi/5.4.1/../../../../arm-none-eabi/lib/armv7-m\libg.a(lib_a-strstr.o)
 .text.two_way_long_needle
                0x08003948      0x200 e:/utilites/5.4 2016q3/bin/../lib/gcc/arm-none-eabi/5.4.1/../../../../arm-none-eabi/lib/armv7-m\libg.a(lib_a-strstr.o)
 .text.strstr   0x08003b48      0x220 e:/utilites/5.4 2016q3/bin/../lib/gcc/arm-none-eabi/5.4.1/../../../../arm-none-eabi/lib/armv7-m\libg.a(lib_a-strstr.o)
                0x08003b48                strstr
 .text.memchr   0x08003d68       0x8c e:/utilites/5.4 2016q3/bin/../lib/gcc/arm-none-eabi/5.4.1/../../../../arm-none-eabi/lib/armv7-m\libg.a(lib_a-memchr-stub.o)
                0x08003d68                memchr
 .text.memcmp   0x08003df4       0x64 e:/utilites/5.4 2016q3/bin/../lib/gcc/arm-none-eabi/5.4.1/../../../../arm-none-eabi/lib/armv7-m\libg.a(lib_a-memcmp.o)
                0x08003df4                memcmp
 .text.strchr   0x08003e58       0xd0 e:/utilites/5.4 2016q3/bin/../lib/gcc/arm-none-eabi/5.4.1/../../../../arm-none-eabi/lib/armv7-m\libg.a(lib_a-strchr.o)
                0x08003e58                strchr
 *(.init)
 *(.fini)
 *crtbegin.o(.ctors)
 *crtbegin?.o(.ctors)
 *(EXCLUDE_FILE(*crtend.o *crtend?.o) .ctors)
 *(SORT(.ctors.*))
 *(.ctors)
 *crtbegin.o(.dtors)
 *crtbegin?.o(.dtors)
 *(EXCLUDE_FILE(*crtend.o *crtend?.o) .dtors)
 *(SORT(.dtors.*))
 *(.dtors)
 *(.rodata*)
 .rodata        0x08003f28       0xb9 ..\obj\Terminal.o
 *fill*         0x08003fe1        0x3 
 .rodata        0x08003fe4       0x11 ..\obj\Device.o
 *fill*         0x08003ff5        0x3 
 .rodata        0x08003ff8     0x2814 ..\obj\fonts.o
                0x08003ff8                Font7x10
                0x08004764                Font11x18
                0x080054c0                Font16x26
 .rodata        0x0800680c     0x1266 ..\obj\ico.o
                0x0800680c                aDD_ICO
                0x08006826                aDDWP
                0x08006827                aDDHP
                0x08006828                assur_ICO
                0x08006b28                assurWP
                0x08006b29                assurHP
                0x08006b2c                bs_ICO
                0x08006b6c                bsWP
                0x08006b6d                bsHP
                0x08006b70                call_ICO
                0x08006b90                callWP
                0x08006b91                callHP
                0x08006b94                dk_ICO
                0x08006bd4                dkWP
                0x08006bd5                dkHP
                0x08006bd8                dmp_ICO
                0x08006c18                dmpWP
                0x08006c19                dmpHP
                0x08006c1c                ds_ICO
                0x08006c5c                dsWP
                0x08006c5d                dsHP
                0x08006c60                error_ICO
                0x08006f60                errorWP
                0x08006f61                errorHP
                0x08006f64                h_ICO
                0x08006fb4                h_icoWP
                0x08006fb5                h_icoHP
                0x08006fb8                iM_ICO
                0x08006ff8                iMWP
                0x08006ff9                iMHP
                0x08006ffc                k1_ICO
                0x0800703c                k1WP
                0x0800703d                k1HP
                0x08007040                k2_ICO
                0x08007080                k2WP
                0x08007081                k2HP
                0x08007084                l1_ICO
                0x080070b4                l1WP
                0x080070b5                l1HP
                0x080070b8                l2_ICO
                0x080070e8                l2WP
                0x080070e9                l2HP
                0x080070ec                l3_ICO
                0x0800711c                l3WP
                0x0800711d                l3HP
                0x08007120                lan_ICO
                0x08007160                lanWP
                0x08007161                lanHP
                0x08007164                lan2_ICO
                0x080071a4                lan2WP
                0x080071a5                lan2HP
                0x080071a8                lan3_ICO
                0x080071e8                lan3WP
                0x080071e9                lan3HP
                0x080071ec                oK_ICO
                0x080074ec                oKWP
                0x080074ed                oKHP
                0x080074f0                serv_ICO
                0x08007530                servWP
                0x08007531                servHP
                0x08007534                sign0_ICO
                0x08007574                sign0WP
                0x08007575                sign0HP
                0x08007578                sign1_ICO
                0x08007598                sign1WP
                0x08007599                sign1HP
                0x0800759c                sign2_ICO
                0x080075cc                sign2WP
                0x080075cd                sign2HP
                0x080075d0                sign3_ICO
                0x08007600                sign3WP
                0x08007601                sign3HP
                0x08007604                sign4_ICO
                0x08007644                sign4WP
                0x08007645                sign4HP
                0x08007648                sms_ICO
                0x08007668                smsWP
                0x08007669                smsHP
                0x0800766c                spk_ICO
                0x0800768c                spkWP
                0x0800768d                spkHP
                0x08007690                term_ICO
                0x080076e0                t_icoWP
                0x080076e1                t_icoHP
                0x080076e4                vCC_ICO
                0x08007724                vCCWP
                0x08007725                vCCHP
                0x08007728                warn_ICO
                0x08007748                warnWP
                0x08007749                warnHP
                0x0800774c                x_ICO
                0x0800776c                xWP
                0x0800776d                xHP
                0x08007770                wel1_ICO
                0x08007a70                wel1WP
                0x08007a71                wel1HP
 *fill*         0x08007a72        0x2 
 .rodata        0x08007a74      0x346 ..\obj\ico2.o
                0x08007a74                wel2_ICO
                0x08007d74                wel2WP
                0x08007d75                wel2HP
                0x08007d78                eth_OK_ICO
                0x08007d94                eth_OKWP
                0x08007d95                eth_OKHP
                0x08007d98                eth_ERR_ICO
                0x08007db8                eth_ERRWP
                0x08007db9                eth_ERRHP
 *(.eh_fram e*)

.glue_7         0x08007dbc        0x0
 .glue_7        0x08007dbc        0x0 linker stubs

.glue_7t        0x08007dbc        0x0
 .glue_7t       0x08007dbc        0x0 linker stubs

.vfp11_veneer   0x08007dbc        0x0
 .vfp11_veneer  0x08007dbc        0x0 linker stubs

.v4_bx          0x08007dbc        0x0
 .v4_bx         0x08007dbc        0x0 linker stubs

.iplt           0x08007dbc        0x0
 .iplt          0x08007dbc        0x0 ..\obj\stm32f10x_rtc.o

.rel.dyn        0x08007dbc        0x0
 .rel.iplt      0x08007dbc        0x0 ..\obj\stm32f10x_rtc.o

.ARM.extab
 *(.ARM.extab* .gnu.linkonce.armextab.*)
                0x08007dbc                __exidx_start = .

.ARM.exidx
 *(.ARM.exidx* .gnu.linkonce.armexidx.*)
                0x08007dbc                __exidx_end = .
                0x08007dbc                __etext = .
                0x08007dba                _sidata = __etext

.data           0x20000000       0x48 load address 0x08007dba
                0x20000000                __data_start__ = .
                0x20000000                _sdata = __data_start__
 *(vtable)
 *(.data*)
 .data          0x20000000       0x14 ..\obj\system_stm32f10x.o
                0x20000000                SystemCoreClock
                0x20000004                AHBPrescTable
 .data          0x20000014        0x8 ..\obj\Terminal.o
                0x20000014                PASSWORD
 .data          0x2000001c       0x14 ..\obj\stm32f10x_rcc.o
 .data          0x20000030       0x18 ..\obj\fonts.o
                0x20000030                Font_7x10
                0x20000038                Font_11x18
                0x20000040                Font_16x26
                0x20000048                . = ALIGN (0x4)
                [!provide]                PROVIDE (__preinit_array_start, .)
 *(.preinit_array)
                [!provide]                PROVIDE (__preinit_array_end, .)
                0x20000048                . = ALIGN (0x4)
                [!provide]                PROVIDE (__init_array_start, .)
 *(SORT(.init_array.*))
 *(.init_array)
                [!provide]                PROVIDE (__init_array_end, .)
                0x20000048                . = ALIGN (0x4)
                [!provide]                PROVIDE (__fini_array_start, .)
 *(SORT(.fini_array.*))
 *(.fini_array)
                [!provide]                PROVIDE (__fini_array_end, .)
 *(.jcr*)
                0x20000048                . = ALIGN (0x4)
                0x20000048                __data_end__ = .
                0x20000048                _edata = __data_end__

.igot.plt       0x20000048        0x0 load address 0x08007e04
 .igot.plt      0x20000048        0x0 ..\obj\stm32f10x_rtc.o

.bss            0x20000048      0x4c0 load address 0x08007e04
                0x20000048                . = ALIGN (0x4)
                0x20000048                __bss_start__ = .
                0x20000048                _sbss = __bss_start__
 *(.bss*)
 .bss           0x20000048        0x1 ..\obj\main.o
 *fill*         0x20000049        0x3 
 .bss           0x2000004c       0x67 ..\obj\Terminal.o
                0x200000b0                count
                0x200000b1                Terminal_CMD
                0x200000b2                LevelAccess
 *fill*         0x200000b3        0x1 
 .bss           0x200000b4       0x10 ..\obj\Device.o
                0x200000b8                millis
                0x200000bc                sec
                0x200000c0                timLCD
 .bss           0x200000c4        0x4 ..\obj\dht.o
                0x200000c4                DHT_BitTimeTreshold
 .bss           0x200000c8        0x4 ..\obj\ssd1306_i2c.o
 .bss           0x200000cc        0x6 ..\obj\ssd1306.o
 *(COMMON)
 *fill*         0x200000d2        0x2 
 COMMON         0x200000d4      0x42c ..\obj\Device.o
                0x200000d4                Mul
                0x200000d8                DHT11_RESULT
                0x200000e0                State
                0x200000ec                IOState
                0x200000fc                SSD1306_Buffer
                0x200004fc                Div
 COMMON         0x20000500        0x5 ..\obj\dht.o
                0x20000500                dht_Buff
                0x20000508                . = ALIGN (0x4)
 *fill*         0x20000505        0x3 
                0x20000508                __bss_end__ = .
                0x20000508                _ebss = __bss_end__

.heap           0x20000508        0x0
                0x20000508                __end__ = .
                0x20000508                _end = __end__
                0x20000508                end = __end__
 *(.heap*)
                0x20000508                __HeapLimit = .

.co_stack       0x20000508      0x400 load address 0x080082c4
                0x20000508                . = ALIGN (0x8)
 *(.co_stack .co_stack.*)
 .co_stack      0x20000508      0x400 ..\obj\startup_stm32f10x_hd.o
                0x20000508                pulStack
                0x2000c000                __StackTop = (ORIGIN (ram) + LENGTH (ram))
                0x2000bc00                __StackLimit = (__StackTop - SIZEOF (.co_stack))
                [!provide]                PROVIDE (__stack, __StackTop)
                0x00000001                ASSERT ((__StackLimit >= __HeapLimit), region ram  overflowed with stack)
LOAD ..\obj\stm32f10x_rtc.o
LOAD ..\obj\delay.o
LOAD ..\obj\stm32f10x_tim.o
LOAD ..\obj\system_stm32f10x.o
LOAD ..\obj\startup_stm32f10x_hd.o
LOAD ..\obj\stm32f10x_pwr.o
LOAD ..\obj\stm32f10x_gpio.o
LOAD ..\obj\stm32f10x_dac.o
LOAD ..\obj\main.o
LOAD ..\obj\Terminal.o
LOAD ..\obj\printf.o
LOAD ..\obj\stm32f10x_rcc.o
LOAD ..\obj\Device.o
LOAD ..\obj\stm32f10x_adc.o
LOAD ..\obj\fonts.o
LOAD ..\obj\stm32f10x_usart.o
LOAD ..\obj\dht.o
LOAD ..\obj\syscalls.o
LOAD ..\obj\stm32f10x_flash.o
LOAD ..\obj\ssd1306_i2c.o
LOAD ..\obj\stm32f10x_dma.o
LOAD ..\obj\ico.o
LOAD ..\obj\ico2.o
LOAD ..\obj\misc.o
LOAD ..\obj\ssd1306.o
LOAD ..\obj\stm32f10x_spi.o
LOAD ..\obj\stm32f10x_i2c.o
LOAD ..\obj\stm32f10x_iwdg.o
START GROUP
LOAD e:/utilites/5.4 2016q3/bin/../lib/gcc/arm-none-eabi/5.4.1/armv7-m\libgcc.a
LOAD e:/utilites/5.4 2016q3/bin/../lib/gcc/arm-none-eabi/5.4.1/../../../../arm-none-eabi/lib/armv7-m\libg.a
LOAD e:/utilites/5.4 2016q3/bin/../lib/gcc/arm-none-eabi/5.4.1/../../../../arm-none-eabi/lib/armv7-m\libc.a
END GROUP
OUTPUT(VC_OS_010_R1.elf elf32-littlearm)

.debug_info     0x00000000     0x73b4
 .debug_info    0x00000000       0x79 ..\obj\delay.o
 .debug_info    0x00000079      0x49c ..\obj\system_stm32f10x.o
 .debug_info    0x00000515       0xee ..\obj\startup_stm32f10x_hd.o
 .debug_info    0x00000603      0x6f6 ..\obj\stm32f10x_gpio.o
 .debug_info    0x00000cf9       0xcd ..\obj\main.o
 .debug_info    0x00000dc6      0x68e ..\obj\Terminal.o
 .debug_info    0x00001454      0xe4a ..\obj\printf.o
 .debug_info    0x0000229e      0x8a3 ..\obj\stm32f10x_rcc.o
 .debug_info    0x00002b41      0xee2 ..\obj\Device.o
 .debug_info    0x00003a23      0x244 ..\obj\fonts.o
 .debug_info    0x00003c67      0x9f0 ..\obj\stm32f10x_usart.o
 .debug_info    0x00004657      0x44a ..\obj\dht.o
 .debug_info    0x00004aa1      0x57d ..\obj\ssd1306_i2c.o
 .debug_info    0x0000501e      0x7e4 ..\obj\ico.o
 .debug_info    0x00005802      0x112 ..\obj\ico2.o
 .debug_info    0x00005914      0x556 ..\obj\misc.o
 .debug_info    0x00005e6a      0xa3e ..\obj\ssd1306.o
 .debug_info    0x000068a8      0xb0c ..\obj\stm32f10x_i2c.o

.debug_abbrev   0x00000000     0x1828
 .debug_abbrev  0x00000000       0x6d ..\obj\delay.o
 .debug_abbrev  0x0000006d      0x14e ..\obj\system_stm32f10x.o
 .debug_abbrev  0x000001bb       0xa7 ..\obj\startup_stm32f10x_hd.o
 .debug_abbrev  0x00000262      0x1cc ..\obj\stm32f10x_gpio.o
 .debug_abbrev  0x0000042e       0x8e ..\obj\main.o
 .debug_abbrev  0x000004bc      0x1c1 ..\obj\Terminal.o
 .debug_abbrev  0x0000067d      0x287 ..\obj\printf.o
 .debug_abbrev  0x00000904      0x1bc ..\obj\stm32f10x_rcc.o
 .debug_abbrev  0x00000ac0      0x27f ..\obj\Device.o
 .debug_abbrev  0x00000d3f       0xe7 ..\obj\fonts.o
 .debug_abbrev  0x00000e26      0x164 ..\obj\stm32f10x_usart.o
 .debug_abbrev  0x00000f8a      0x1a1 ..\obj\dht.o
 .debug_abbrev  0x0000112b      0x191 ..\obj\ssd1306_i2c.o
 .debug_abbrev  0x000012bc       0x6e ..\obj\ico.o
 .debug_abbrev  0x0000132a       0x4c ..\obj\ico2.o
 .debug_abbrev  0x00001376      0x147 ..\obj\misc.o
 .debug_abbrev  0x000014bd      0x205 ..\obj\ssd1306.o
 .debug_abbrev  0x000016c2      0x166 ..\obj\stm32f10x_i2c.o

.debug_aranges  0x00000000      0x7d8
 .debug_aranges
                0x00000000       0x28 ..\obj\delay.o
 .debug_aranges
                0x00000028       0x38 ..\obj\system_stm32f10x.o
 .debug_aranges
                0x00000060       0x28 ..\obj\startup_stm32f10x_hd.o
 .debug_aranges
                0x00000088       0xa8 ..\obj\stm32f10x_gpio.o
 .debug_aranges
                0x00000130       0x28 ..\obj\main.o
 .debug_aranges
                0x00000158       0x48 ..\obj\Terminal.o
 .debug_aranges
                0x000001a0       0xa0 ..\obj\printf.o
 .debug_aranges
                0x00000240      0x118 ..\obj\stm32f10x_rcc.o
 .debug_aranges
                0x00000358       0x70 ..\obj\Device.o
 .debug_aranges
                0x000003c8       0x20 ..\obj\fonts.o
 .debug_aranges
                0x000003e8      0x100 ..\obj\stm32f10x_usart.o
 .debug_aranges
                0x000004e8       0x60 ..\obj\dht.o
 .debug_aranges
                0x00000548       0x50 ..\obj\ssd1306_i2c.o
 .debug_aranges
                0x00000598       0x18 ..\obj\ico.o
 .debug_aranges
                0x000005b0       0x18 ..\obj\ico2.o
 .debug_aranges
                0x000005c8       0x40 ..\obj\misc.o
 .debug_aranges
                0x00000608       0xb0 ..\obj\ssd1306.o
 .debug_aranges
                0x000006b8      0x120 ..\obj\stm32f10x_i2c.o

.debug_ranges   0x00000000      0x6a8
 .debug_ranges  0x00000000       0x18 ..\obj\delay.o
 .debug_ranges  0x00000018       0x28 ..\obj\system_stm32f10x.o
 .debug_ranges  0x00000040       0x18 ..\obj\startup_stm32f10x_hd.o
 .debug_ranges  0x00000058       0x98 ..\obj\stm32f10x_gpio.o
 .debug_ranges  0x000000f0       0x18 ..\obj\main.o
 .debug_ranges  0x00000108       0x38 ..\obj\Terminal.o
 .debug_ranges  0x00000140       0x90 ..\obj\printf.o
 .debug_ranges  0x000001d0      0x108 ..\obj\stm32f10x_rcc.o
 .debug_ranges  0x000002d8       0x60 ..\obj\Device.o
 .debug_ranges  0x00000338       0x10 ..\obj\fonts.o
 .debug_ranges  0x00000348       0xf0 ..\obj\stm32f10x_usart.o
 .debug_ranges  0x00000438       0x50 ..\obj\dht.o
 .debug_ranges  0x00000488       0x40 ..\obj\ssd1306_i2c.o
 .debug_ranges  0x000004c8       0x30 ..\obj\misc.o
 .debug_ranges  0x000004f8       0xa0 ..\obj\ssd1306.o
 .debug_ranges  0x00000598      0x110 ..\obj\stm32f10x_i2c.o

.debug_line     0x00000000     0x2bd1
 .debug_line    0x00000000       0x75 ..\obj\delay.o
 .debug_line    0x00000075      0x1c8 ..\obj\system_stm32f10x.o
 .debug_line    0x0000023d       0x96 ..\obj\startup_stm32f10x_hd.o
 .debug_line    0x000002d3      0x360 ..\obj\stm32f10x_gpio.o
 .debug_line    0x00000633      0x13e ..\obj\main.o
 .debug_line    0x00000771      0x277 ..\obj\Terminal.o
 .debug_line    0x000009e8      0x301 ..\obj\printf.o
 .debug_line    0x00000ce9      0x45b ..\obj\stm32f10x_rcc.o
 .debug_line    0x00001144      0x44c ..\obj\Device.o
 .debug_line    0x00001590      0x118 ..\obj\fonts.o
 .debug_line    0x000016a8      0x442 ..\obj\stm32f10x_usart.o
 .debug_line    0x00001aea      0x2b1 ..\obj\dht.o
 .debug_line    0x00001d9b      0x251 ..\obj\ssd1306_i2c.o
 .debug_line    0x00001fec       0x43 ..\obj\ico.o
 .debug_line    0x0000202f       0x44 ..\obj\ico2.o
 .debug_line    0x00002073      0x1d3 ..\obj\misc.o
 .debug_line    0x00002246      0x516 ..\obj\ssd1306.o
 .debug_line    0x0000275c      0x475 ..\obj\stm32f10x_i2c.o

.debug_str      0x00000000     0x2830
 .debug_str     0x00000000       0xbd ..\obj\delay.o
                                 0xca (size before relaxing)
 .debug_str     0x000000bd      0x200 ..\obj\system_stm32f10x.o
                                0x2eb (size before relaxing)
 .debug_str     0x000002bd       0xa4 ..\obj\startup_stm32f10x_hd.o
                                0x13b (size before relaxing)
 .debug_str     0x00000361      0x3a9 ..\obj\stm32f10x_gpio.o
                                0x515 (size before relaxing)
 .debug_str     0x0000070a       0x3a ..\obj\main.o
                                0x162 (size before relaxing)
 .debug_str     0x00000744      0x612 ..\obj\Terminal.o
                                0x7d1 (size before relaxing)
 .debug_str     0x00000d56      0x4bd ..\obj\printf.o
                                0x65e (size before relaxing)
 .debug_str     0x00001213      0x3dc ..\obj\stm32f10x_rcc.o
                                0x616 (size before relaxing)
 .debug_str     0x000015ef      0x41c ..\obj\Device.o
                                0xb8a (size before relaxing)
 .debug_str     0x00001a0b       0x89 ..\obj\fonts.o
                                0x224 (size before relaxing)
 .debug_str     0x00001a94      0x39d ..\obj\stm32f10x_usart.o
                                0x68c (size before relaxing)
 .debug_str     0x00001e31       0xf0 ..\obj\dht.o
                                0x3b2 (size before relaxing)
 .debug_str     0x00001f21      0x196 ..\obj\ssd1306_i2c.o
                                0x47d (size before relaxing)
 .debug_str     0x000020b7       0xce ..\obj\ico.o
                                0x352 (size before relaxing)
 .debug_str     0x00002185       0x61 ..\obj\ico2.o
                                0x110 (size before relaxing)
 .debug_str     0x000021e6       0xff ..\obj\misc.o
                                0x3ba (size before relaxing)
 .debug_str     0x000022e5      0x220 ..\obj\ssd1306.o
                                0x49f (size before relaxing)
 .debug_str     0x00002505      0x32b ..\obj\stm32f10x_i2c.o
                                0x662 (size before relaxing)

.comment        0x00000000       0x6e
 .comment       0x00000000       0x6e ..\obj\delay.o
                                 0x6f (size before relaxing)
 .comment       0x0000006e       0x6f ..\obj\system_stm32f10x.o
 .comment       0x0000006e       0x6f ..\obj\startup_stm32f10x_hd.o
 .comment       0x0000006e       0x6f ..\obj\stm32f10x_gpio.o
 .comment       0x0000006e       0x6f ..\obj\main.o
 .comment       0x0000006e       0x6f ..\obj\Terminal.o
 .comment       0x0000006e       0x6f ..\obj\printf.o
 .comment       0x0000006e       0x6f ..\obj\stm32f10x_rcc.o
 .comment       0x0000006e       0x6f ..\obj\Device.o
 .comment       0x0000006e       0x6f ..\obj\fonts.o
 .comment       0x0000006e       0x6f ..\obj\stm32f10x_usart.o
 .comment       0x0000006e       0x6f ..\obj\dht.o
 .comment       0x0000006e       0x6f ..\obj\ssd1306_i2c.o
 .comment       0x0000006e       0x6f ..\obj\ico.o
 .comment       0x0000006e       0x6f ..\obj\ico2.o
 .comment       0x0000006e       0x6f ..\obj\misc.o
 .comment       0x0000006e       0x6f ..\obj\ssd1306.o
 .comment       0x0000006e       0x6f ..\obj\stm32f10x_i2c.o

.ARM.attributes
                0x00000000       0x33
 .ARM.attributes
                0x00000000       0x33 ..\obj\delay.o
 .ARM.attributes
                0x00000033       0x33 ..\obj\system_stm32f10x.o
 .ARM.attributes
                0x00000066       0x33 ..\obj\startup_stm32f10x_hd.o
 .ARM.attributes
                0x00000099       0x33 ..\obj\stm32f10x_gpio.o
 .ARM.attributes
                0x000000cc       0x33 ..\obj\main.o
 .ARM.attributes
                0x000000ff       0x33 ..\obj\Terminal.o
 .ARM.attributes
                0x00000132       0x33 ..\obj\printf.o
 .ARM.attributes
                0x00000165       0x33 ..\obj\stm32f10x_rcc.o
 .ARM.attributes
                0x00000198       0x33 ..\obj\Device.o
 .ARM.attributes
                0x000001cb       0x33 ..\obj\fonts.o
 .ARM.attributes
                0x000001fe       0x33 ..\obj\stm32f10x_usart.o
 .ARM.attributes
                0x00000231       0x33 ..\obj\dht.o
 .ARM.attributes
                0x00000264       0x33 ..\obj\ssd1306_i2c.o
 .ARM.attributes
                0x00000297       0x33 ..\obj\ico.o
 .ARM.attributes
                0x000002ca       0x33 ..\obj\ico2.o
 .ARM.attributes
                0x000002fd       0x33 ..\obj\misc.o
 .ARM.attributes
                0x00000330       0x33 ..\obj\ssd1306.o
 .ARM.attributes
                0x00000363       0x33 ..\obj\stm32f10x_i2c.o
 .ARM.attributes
                0x00000396       0x1d e:/utilites/5.4 2016q3/bin/../lib/gcc/arm-none-eabi/5.4.1/armv7-m\libgcc.a(_arm_addsubsf3.o)
 .ARM.attributes
                0x000003b3       0x1d e:/utilites/5.4 2016q3/bin/../lib/gcc/arm-none-eabi/5.4.1/armv7-m\libgcc.a(_arm_fixunssfsi.o)
 .ARM.attributes
                0x000003d0       0x2d e:/utilites/5.4 2016q3/bin/../lib/gcc/arm-none-eabi/5.4.1/../../../../arm-none-eabi/lib/armv7-m\libg.a(lib_a-memset.o)
 .ARM.attributes
                0x000003fd       0x2d e:/utilites/5.4 2016q3/bin/../lib/gcc/arm-none-eabi/5.4.1/../../../../arm-none-eabi/lib/armv7-m\libg.a(lib_a-strstr.o)
 .ARM.attributes
                0x0000042a       0x2d e:/utilites/5.4 2016q3/bin/../lib/gcc/arm-none-eabi/5.4.1/../../../../arm-none-eabi/lib/armv7-m\libg.a(lib_a-memchr-stub.o)
 .ARM.attributes
                0x00000457       0x2d e:/utilites/5.4 2016q3/bin/../lib/gcc/arm-none-eabi/5.4.1/../../../../arm-none-eabi/lib/armv7-m\libg.a(lib_a-memcmp.o)
 .ARM.attributes
                0x00000484       0x2d e:/utilites/5.4 2016q3/bin/../lib/gcc/arm-none-eabi/5.4.1/../../../../arm-none-eabi/lib/armv7-m\libg.a(lib_a-strchr.o)

.debug_frame    0x00000000     0x2054
 .debug_frame   0x00000000       0x5c ..\obj\delay.o
 .debug_frame   0x0000005c       0x98 ..\obj\system_stm32f10x.o
 .debug_frame   0x000000f4       0x4c ..\obj\startup_stm32f10x_hd.o
 .debug_frame   0x00000140      0x2d0 ..\obj\stm32f10x_gpio.o
 .debug_frame   0x00000410       0x48 ..\obj\main.o
 .debug_frame   0x00000458       0xe0 ..\obj\Terminal.o
 .debug_frame   0x00000538      0x2dc ..\obj\printf.o
 .debug_frame   0x00000814      0x4f4 ..\obj\stm32f10x_rcc.o
 .debug_frame   0x00000d08      0x180 ..\obj\Device.o
 .debug_frame   0x00000e88       0x38 ..\obj\fonts.o
 .debug_frame   0x00000ec0      0x490 ..\obj\stm32f10x_usart.o
 .debug_frame   0x00001350      0x14c ..\obj\dht.o
 .debug_frame   0x0000149c      0x114 ..\obj\ssd1306_i2c.o
 .debug_frame   0x000015b0       0xd8 ..\obj\misc.o
 .debug_frame   0x00001688      0x2d8 ..\obj\ssd1306.o
 .debug_frame   0x00001960      0x530 ..\obj\stm32f10x_i2c.o
 .debug_frame   0x00001e90       0x34 e:/utilites/5.4 2016q3/bin/../lib/gcc/arm-none-eabi/5.4.1/../../../../arm-none-eabi/lib/armv7-m\libg.a(lib_a-memset.o)
 .debug_frame   0x00001ec4       0xd8 e:/utilites/5.4 2016q3/bin/../lib/gcc/arm-none-eabi/5.4.1/../../../../arm-none-eabi/lib/armv7-m\libg.a(lib_a-strstr.o)
 .debug_frame   0x00001f9c       0x34 e:/utilites/5.4 2016q3/bin/../lib/gcc/arm-none-eabi/5.4.1/../../../../arm-none-eabi/lib/armv7-m\libg.a(lib_a-memchr-stub.o)
 .debug_frame   0x00001fd0       0x38 e:/utilites/5.4 2016q3/bin/../lib/gcc/arm-none-eabi/5.4.1/../../../../arm-none-eabi/lib/armv7-m\libg.a(lib_a-memcmp.o)
 .debug_frame   0x00002008       0x4c e:/utilites/5.4 2016q3/bin/../lib/gcc/arm-none-eabi/5.4.1/../../../../arm-none-eabi/lib/armv7-m\libg.a(lib_a-strchr.o)
